Microchip MPLAB XC8 Compiler V2.05 ()

Linker command line:

-W-3 --edf=C:\Program Files (x86)\Microchip\xc8\v2.05\pic\dat\en_msgs.txt \
  -cs -h+dist/default/production\Software.production.sym \
  --cmf=dist/default/production\Software.production.cmf -z -Q18F46K40 \
  -oC:\Users\Esseiva\AppData\Local\Temp\s490.2 --defsym=__MPLAB_BUILD=1 \
  -Mdist/default/production/Software.production.map -E1 -ver=XC8 \
  -ASTACK=068h-0E87h -pstack=STACK -ACODE=00h-0FFFFh -ACONST=00h-0FFFFh \
  -ASMALLCONST=0F00h-0FFFhx241 -AMEDIUMCONST=0F00h-0FFFFh -ACOMRAM=01h-05Fh \
  -AABS1=00h-0E87h -ABIGRAM=01h-0E87h \
  -ARAM=060h-0FFh,0100h-01FFhx13,0E00h-0E87h -ABANK0=060h-0FFh \
  -ABANK1=0100h-01FFh -ABANK2=0200h-02FFh -ABANK3=0300h-03FFh \
  -ABANK4=0400h-04FFh -ABANK5=0500h-05FFh -ABANK6=0600h-06FFh \
  -ABANK7=0700h-07FFh -ABANK8=0800h-08FFh -ABANK9=0900h-09FFh \
  -ABANK10=0A00h-0AFFh -ABANK11=0B00h-0BFFh -ABANK12=0C00h-0CFFh \
  -ABANK13=0D00h-0DFFh -ABANK14=0E00h-0E87h \
  -ASFR=0E8Dh-0EFFh,0F00h-0F5Fh,0F60h-0FFFh \
  -preset_vec=00h,intcode=08h,intcodelo,powerup,init -pramtop=0F00h \
  -psmallconst=SMALLCONST -pmediumconst=MEDIUMCONST -pconst=CONST \
  -AFARRAM=00h-00h -ACONFIG=0300000h-030000Bh -pconfig=CONFIG \
  -AIDLOC=0200000h-020000Fh -pidloc=IDLOC -AEEDATA=0310000h-03103FFh \
  -peeprom_data=EEDATA \
  -prdata=COMRAM,nvrram=COMRAM,nvbit=COMRAM,rbss=COMRAM,rbit=COMRAM \
  -pfarbss=FARRAM,fardata=FARRAM,nvFARRAM=FARRAM \
  -pintsave_regs=BIGRAM,bigbss=BIGRAM,bigdata=BIGRAM -pbss=RAM \
  -pidata=CODE,irdata=CODE,ibigdata=CODE,ifardata=CODE -prparam=COMRAM \
  C:\Users\Esseiva\AppData\Local\Temp\s490.o \
  dist/default/production\Software.production.o 

Object code version is 3.11

Machine type is 18F46K40

Call graph: (short form)




                Name                               Link     Load   Length Selector   Space Scale
C:\Users\Esseiva\AppData\Local\Temp\s490.o
                init                                 B8       B8        4        4       0
                reset_vec                             0        0        4        0       0
                idloc                            200000   200000       10   200000       0
                config                           300000   300000        C   300000       0
dist/default/production\Software.production.o
                intcode                               8        8       B0        4       0
                temp                                 4D       4D        1        1       1
                smallconst                          F00      F00       42      780       0
                text64                             160C     160C        2      7A1       0
                text63                             1448     1448       1E      7A1       0
                text62                             1576     1576        A      7A1       0
                text61                             160A     160A        2      7A1       0
                text60                             1406     1406       24      7A1       0
                text59                             1608     1608        2      7A1       0
                text58                             13E2     13E2       24      7A1       0
                text57                             1606     1606        2      7A1       0
                text56                             13BE     13BE       24      7A1       0
                text55                             1604     1604        2      7A1       0
                text54                             139A     139A       24      7A1       0
                text53                             1376     1376       24      7A1       0
                text52                             1602     1602        2      7A1       0
                text51                             142A     142A       1E      7A1       0
                text50                             156C     156C        A      7A1       0
                text49                             15DE     15DE        6      7A1       0
                text48                             15FC     15FC        4      7A1       0
                text47                             15F8     15F8        4      7A1       0
                text46                             15F4     15F4        4      7A1       0
                text45                             15F0     15F0        4      7A1       0
                text44                             15EC     15EC        4      7A1       0
                text43                             1600     1600        2      7A1       0
                text42                             15D8     15D8        6      7A1       0
                text41                             15E8     15E8        4      7A1       0
                text40                             15B8     15B8        8      7A1       0
                text39                             14E2     14E2       10      7A1       0
                text38                             15D2     15D2        6      7A1       0
                text37                             1292     1292       50      7A1       0
                text36                             150E     150E        E      7A1       0
                text35                             1562     1562        A      7A1       0
                text34                             15B0     15B0        8      7A1       0
                text33                             15A8     15A8        8      7A1       0
                text32                             15A0     15A0        8      7A1       0
                text31                             1598     1598        8      7A1       0
                text30                             1500     1500        E      7A1       0
                text29                             14F2     14F2        E      7A1       0
                text28                             1558     1558        A      7A1       0
                text27                             1590     1590        8      7A1       0
                text26                             1588     1588        8      7A1       0
                text25                             1580     1580        8      7A1       0
                text24                             12E2     12E2       40      7A1       0
                text23                             1026     1026       86      7A1       0
                text22                             1122     1122       6C      7A1       0
                text21                             15CC     15CC        6      7A1       0
                text20                             1242     1242       50      7A1       0
                text19                             15C6     15C6        6      7A1       0
                text18                             15C0     15C0        6      7A1       0
                text16                             154E     154E        A      7A1       0
                text15                             14B4     14B4       18      7A1       0
                text14                             15E4     15E4        4      7A1       0
                text13                             149C     149C       18      7A1       0
                text12                             1544     1544        A      7A1       0
                text11                             153A     153A        A      7A1       0
                text10                             1530     1530        A      7A1       0
                text9                              1526     1526        A      7A1       0
                text8                               F42      F42       E4      7A1       0
                text7                              1466     1466       1C      7A1       0
                text6                              151C     151C        A      7A1       0
                text5                              1322     1322       2C      7A1       0
                text4                              1482     1482       1A      7A1       0
                text3                              11F2     11F2       50      7A1       0
                text2                              134E     134E       28      7A1       0
                text1                              10AC     10AC       76      7A1       0
                text0                              118E     118E       64      7A1       0
                cstackCOMRAM                         2D       2D       14        1       1
                cstackBANK0                          60       60        8       60       1
                bssCOMRAM                             1        1       2C        1       1
                cinit                              14CC     14CC       16      7A1       0
                nvCOMRAM                             41       41        C        1       1

TOTAL           Name                               Link     Load   Length     Space
        CLASS   STACK          

        CLASS   CODE           
                intcode                               8        8       B0         0
                init                                 B8       B8        4         0
                reset_vec                             0        0        4         0
                text64                             160C     160C        2         0
                text63                             1448     1448       1E         0
                text62                             1576     1576        A         0
                text61                             160A     160A        2         0
                text60                             1406     1406       24         0
                text59                             1608     1608        2         0
                text58                             13E2     13E2       24         0
                text57                             1606     1606        2         0
                text56                             13BE     13BE       24         0
                text55                             1604     1604        2         0
                text54                             139A     139A       24         0
                text53                             1376     1376       24         0
                text52                             1602     1602        2         0
                text51                             142A     142A       1E         0
                text50                             156C     156C        A         0
                text49                             15DE     15DE        6         0
                text48                             15FC     15FC        4         0
                text47                             15F8     15F8        4         0
                text46                             15F4     15F4        4         0
                text45                             15F0     15F0        4         0
                text44                             15EC     15EC        4         0
                text43                             1600     1600        2         0
                text42                             15D8     15D8        6         0
                text41                             15E8     15E8        4         0
                text40                             15B8     15B8        8         0
                text39                             14E2     14E2       10         0
                text38                             15D2     15D2        6         0
                text37                             1292     1292       50         0
                text36                             150E     150E        E         0
                text35                             1562     1562        A         0
                text34                             15B0     15B0        8         0
                text33                             15A8     15A8        8         0
                text32                             15A0     15A0        8         0
                text31                             1598     1598        8         0
                text30                             1500     1500        E         0
                text29                             14F2     14F2        E         0
                text28                             1558     1558        A         0
                text27                             1590     1590        8         0
                text26                             1588     1588        8         0
                text25                             1580     1580        8         0
                text24                             12E2     12E2       40         0
                text23                             1026     1026       86         0
                text22                             1122     1122       6C         0
                text21                             15CC     15CC        6         0
                text20                             1242     1242       50         0
                text19                             15C6     15C6        6         0
                text18                             15C0     15C0        6         0
                text16                             154E     154E        A         0
                text15                             14B4     14B4       18         0
                text14                             15E4     15E4        4         0
                text13                             149C     149C       18         0
                text12                             1544     1544        A         0
                text11                             153A     153A        A         0
                text10                             1530     1530        A         0
                text9                              1526     1526        A         0
                text8                               F42      F42       E4         0
                text7                              1466     1466       1C         0
                text6                              151C     151C        A         0
                text5                              1322     1322       2C         0
                text4                              1482     1482       1A         0
                text3                              11F2     11F2       50         0
                text2                              134E     134E       28         0
                text1                              10AC     10AC       76         0
                text0                              118E     118E       64         0
                cinit                              14CC     14CC       16         0

        CLASS   CONST          

        CLASS   SMALLCONST     
                smallconst                          F00      F00       42         0

        CLASS   MEDIUMCONST    

        CLASS   COMRAM         
                temp                                 4D       4D        1         1
                cstackCOMRAM                         2D       2D       14         1
                bssCOMRAM                             1        1       2C         1
                nvCOMRAM                             41       41        C         1

        CLASS   ABS1           

        CLASS   BIGRAM         

        CLASS   RAM            

        CLASS   BANK0          
                cstackBANK0                          60       60        8         1

        CLASS   BANK1          

        CLASS   BANK2          

        CLASS   BANK3          

        CLASS   BANK4          

        CLASS   BANK5          

        CLASS   BANK6          

        CLASS   BANK7          

        CLASS   BANK8          

        CLASS   BANK9          

        CLASS   BANK10         

        CLASS   BANK11         

        CLASS   BANK12         

        CLASS   BANK13         

        CLASS   BANK14         

        CLASS   SFR            

        CLASS   FARRAM         

        CLASS   CONFIG         
                config                           300000   300000        C         0

        CLASS   IDLOC          
                idloc                            200000   200000       10         0

        CLASS   EEDATA         



SEGMENTS        Name                           Load    Length   Top    Selector   Space  Class

                reset_vec                      000000  000004  000004         0       0  CODE    
                bssCOMRAM                      000001  00004D  00004E         1       1  COMRAM  
                intcode                        000008  0000B4  0000BC         4       0  CODE    
                cstackBANK0                    000060  000008  000068        60       1  BANK0   
                smallconst                     000F00  000042  000F42       780       0  SMALLCON
                text8                          000F42  0006CC  00160E       7A1       0  CODE    
                idloc                          200000  000010  200010    200000       0  IDLOC   
                config                         300000  00000C  30000C    300000       0  CONFIG  


UNUSED ADDRESS RANGES

        Name                Unused          Largest block    Delta
        BANK0            000068-0000FF               98
        BANK1            000100-0001FF              100
        BANK10           000A00-000AFF              100
        BANK11           000B00-000BFF              100
        BANK12           000C00-000CFF              100
        BANK13           000D00-000DFF              100
        BANK14           000E00-000E87               88
        BANK2            000200-0002FF              100
        BANK3            000300-0003FF              100
        BANK4            000400-0004FF              100
        BANK5            000500-0005FF              100
        BANK6            000600-0006FF              100
        BANK7            000700-0007FF              100
        BANK8            000800-0008FF              100
        BANK9            000900-0009FF              100
        BIGRAM           00004E-00005F               12
                         000068-000E87              E20
        CODE             000004-000007                4
                         0000BC-000EFF              E44
                         00160E-00FFFF             E9F2
        COMRAM           00004E-00005F               12
        CONST            000004-000007                4
                         0000BC-000EFF              E44
                         00160E-00FFFF             E9F2
        EEDATA           310000-3103FF              400
        MEDIUMCONST      00160E-00FFFF             E9F2
        RAM              000068-000E87              100
        SFR              000E8D-000FFF               73
        SMALLCONST       00160E-00FFFF              100
        STACK            000068-000E87              E20

                                  Symbol Table

Delay_Xms@delay                             cstackCOMRAM 00003C
Delay_Xms@i                                 cstackBANK0  000060
INT0_SetInterruptHandler@InterruptHandler   cstackCOMRAM 00003C
IOCAF1_SetInterruptHandler@InterruptHandler cstackCOMRAM 00003C
IOCAF2_SetInterruptHandler@InterruptHandler cstackCOMRAM 00003C
IOCAF3_SetInterruptHandler@InterruptHandler cstackCOMRAM 00003C
IOCAF4_SetInterruptHandler@InterruptHandler cstackCOMRAM 00003C
SetLed@B                                    cstackCOMRAM 00003D
SetLed@G                                    cstackCOMRAM 00003C
SetLed@R                                    cstackCOMRAM 00003E
TMR2_SetInterruptHandler@InterruptHandler   cstackCOMRAM 00003C
_ANSELA                                     (abs)        000F11
_ANSELB                                     (abs)        000F19
_ANSELC                                     (abs)        000F21
_ANSELD                                     (abs)        000F26
_ANSELE                                     (abs)        000F2E
_Delay_Xms                                  text3        0011F2
_EXT_INT_Initialize                         text15       0014B4
_INT0PPS                                    (abs)        000EA1
_INT0_CallBack                              text63       001448
_INT0_DefaultInterruptHandler               text64       00160C
_INT0_ISR                                   text62       001576
_INT0_InterruptHandler                      nvCOMRAM     000049
_INT0_SetInterruptHandler                   text16       00154E
_INTCONbits                                 (abs)        000FF2
_INTERRUPT_Initialize                       text14       0015E4
_INTERRUPT_InterruptManager                 intcode      000008
_IOCAF1_DefaultInterruptHandler             text61       00160A
_IOCAF1_ISR                                 text60       001406
_IOCAF1_InterruptHandler                    nvCOMRAM     000047
_IOCAF1_SetInterruptHandler                 text12       001544
_IOCAF2_DefaultInterruptHandler             text59       001608
_IOCAF2_ISR                                 text58       0013E2
_IOCAF2_InterruptHandler                    nvCOMRAM     000045
_IOCAF2_SetInterruptHandler                 text11       00153A
_IOCAF3_DefaultInterruptHandler             text57       001606
_IOCAF3_ISR                                 text56       0013BE
_IOCAF3_InterruptHandler                    nvCOMRAM     000043
_IOCAF3_SetInterruptHandler                 text10       001530
_IOCAF4_DefaultInterruptHandler             text55       001604
_IOCAF4_ISR                                 text54       00139A
_IOCAF4_InterruptHandler                    nvCOMRAM     000041
_IOCAF4_SetInterruptHandler                 text9        001526
_IOCAFbits                                  (abs)        000F0A
_IOCANbits                                  (abs)        000F0B
_IOCAPbits                                  (abs)        000F0C
_LATA                                       (abs)        000F83
_LATB                                       (abs)        000F84
_LATC                                       (abs)        000F85
_LATCbits                                   (abs)        000F85
_LATD                                       (abs)        000F86
_LATE                                       (abs)        000F87
_MASTER0_open                               (abs)        000000
_ODCONA                                     (abs)        000F0F
_ODCONB                                     (abs)        000F17
_ODCONC                                     (abs)        000F1F
_ODCOND                                     (abs)        000F24
_ODCONE                                     (abs)        000F2C
_OSCCON1                                    (abs)        000ED8
_OSCCON3                                    (abs)        000EDA
_OSCEN                                      (abs)        000EDC
_OSCFRQ                                     (abs)        000EDE
_OSCILLATOR_Initialize                      text13       00149C
_OSCTUNE                                    (abs)        000EDD
_PIE0bits                                   (abs)        000EC2
_PIE3bits                                   (abs)        000EC5
_PIE4bits                                   (abs)        000EC6
_PIN_MANAGER_IOC                            text53       001376
_PIN_MANAGER_Initialize                     text8        000F42
_PIR0bits                                   (abs)        000ECA
_PIR3bits                                   (abs)        000ECD
_PIR4bits                                   (abs)        000ECE
_PMD0                                       (abs)        000EE1
_PMD1                                       (abs)        000EE2
_PMD2                                       (abs)        000EE3
_PMD3                                       (abs)        000EE4
_PMD4                                       (abs)        000EE5
_PMD5                                       (abs)        000EE6
_PMD_Initialize                             text7        001466
_PR2                                        (abs)        000FBC
_RB1PPS                                     (abs)        000EF0
_RB4PPS                                     (abs)        000EF3
_RB5PPS                                     (abs)        000EF4
_RC4PPS                                     (abs)        000EFB
_SLRCONA                                    (abs)        000F0E
_SLRCONB                                    (abs)        000F16
_SLRCONC                                    (abs)        000F1E
_SLRCOND                                    (abs)        000F23
_SLRCONE                                    (abs)        000F2B
_SSP1ADD                                    (abs)        000F93
_SSP1BUF                                    (abs)        000F92
_SSP1CLKPPS                                 (abs)        000EB7
_SSP1CON1                                   (abs)        000F96
_SSP1CON1bits                               (abs)        000F96
_SSP1CON2                                   (abs)        000F97
_SSP1CON2bits                               (abs)        000F97
_SSP1DATPPS                                 (abs)        000EB8
_SSP1MSK                                    (abs)        000F94
_SSP1STAT                                   (abs)        000F95
_SSP1STATbits                               (abs)        000F95
_SSP2ADD                                    (abs)        000E93
_SSP2BUF                                    (abs)        000E92
_SSP2CLKPPS                                 (abs)        000E8F
_SSP2CON1                                   (abs)        000E96
_SSP2CON1bits                               (abs)        000E96
_SSP2CON2                                   (abs)        000E97
_SSP2DATPPS                                 (abs)        000E90
_SSP2STAT                                   (abs)        000E95
_SYSTEM_Initialize                          text4        001482
_SetLed                                     text2        00134E
_T2CLKCON                                   (abs)        000FBF
_T2CON                                      (abs)        000FBD
_T2CONbits                                  (abs)        000FBD
_T2HLT                                      (abs)        000FBE
_T2HLTbits                                  (abs)        000FBE
_T2PR                                       (abs)        000FBC
_T2RST                                      (abs)        000FC0
_T2RSTbits                                  (abs)        000FC0
_T2TMR                                      (abs)        000FBB
_TMR2                                       (abs)        000FBB
_TMR2_CallBack                              text51       00142A
_TMR2_DefaultInterruptHandler               text52       001602
_TMR2_ISR                                   text50       00156C
_TMR2_Initialize                            text5        001322
_TMR2_InterruptHandler                      nvCOMRAM     00004B
_TMR2_SetInterruptHandler                   text6        00151C
_TRISA                                      (abs)        000F88
_TRISB                                      (abs)        000F89
_TRISBbits                                  (abs)        000F89
_TRISC                                      (abs)        000F8A
_TRISD                                      (abs)        000F8B
_TRISE                                      (abs)        000F8C
_WPUA                                       (abs)        000F10
_WPUB                                       (abs)        000F18
_WPUC                                       (abs)        000F20
_WPUD                                       (abs)        000F25
_WPUE                                       (abs)        000F2D
__CFG_BOREN$SBORDIS                         (abs)        000000
__CFG_BORV$VBOR_2P45                        (abs)        000000
__CFG_CLKOUTEN$ON                           (abs)        000000
__CFG_CP$OFF                                (abs)        000000
__CFG_CPD$OFF                               (abs)        000000
__CFG_CSWEN$ON                              (abs)        000000
__CFG_DEBUG$OFF                             (abs)        000000
__CFG_EBTR0$OFF                             (abs)        000000
__CFG_EBTR1$OFF                             (abs)        000000
__CFG_EBTR2$OFF                             (abs)        000000
__CFG_EBTR3$OFF                             (abs)        000000
__CFG_EBTRB$OFF                             (abs)        000000
__CFG_FCMEN$ON                              (abs)        000000
__CFG_FEXTOSC$OFF                           (abs)        000000
__CFG_LPBOREN$OFF                           (abs)        000000
__CFG_LVP$ON                                (abs)        000000
__CFG_MCLRE$EXTMCLR                         (abs)        000000
__CFG_PPS1WAY$ON                            (abs)        000000
__CFG_PWRTE$OFF                             (abs)        000000
__CFG_RSTOSC$HFINTOSC_64MHZ                 (abs)        000000
__CFG_SCANE$ON                              (abs)        000000
__CFG_STVREN$ON                             (abs)        000000
__CFG_WDTCCS$SC                             (abs)        000000
__CFG_WDTCPS$WDTCPS_31                      (abs)        000000
__CFG_WDTCWS$WDTCWS_7                       (abs)        000000
__CFG_WDTE$OFF                              (abs)        000000
__CFG_WRT0$OFF                              (abs)        000000
__CFG_WRT1$OFF                              (abs)        000000
__CFG_WRT2$OFF                              (abs)        000000
__CFG_WRT3$OFF                              (abs)        000000
__CFG_WRTB$OFF                              (abs)        000000
__CFG_WRTC$OFF                              (abs)        000000
__CFG_WRTD$OFF                              (abs)        000000
__CFG_XINST$OFF                             (abs)        000000
__CFG_ZCD$OFF                               (abs)        000000
__HRAM                                      (abs)        000000
__Habs1                                     abs1         000000
__Hbank0                                    bank0        000000
__Hbank1                                    bank1        000000
__Hbank10                                   bank10       000000
__Hbank11                                   bank11       000000
__Hbank12                                   bank12       000000
__Hbank13                                   bank13       000000
__Hbank14                                   bank14       000000
__Hbank2                                    bank2        000000
__Hbank3                                    bank3        000000
__Hbank4                                    bank4        000000
__Hbank5                                    bank5        000000
__Hbank6                                    bank6        000000
__Hbank7                                    bank7        000000
__Hbank8                                    bank8        000000
__Hbank9                                    bank9        000000
__Hbigbss                                   bigbss       000000
__Hbigdata                                  bigdata      000000
__Hbigram                                   bigram       000000
__Hbss                                      bss          000000
__HbssCOMRAM                                bssCOMRAM    000000
__Hcinit                                    cinit        000000
__Hclrtext                                  clrtext      000000
__Hcomram                                   comram       000000
__Hconfig                                   config       30000C
__Hconst                                    const        000000
__HcstackBANK0                              cstackBANK0  000000
__HcstackCOMRAM                             cstackCOMRAM 000000
__Hdata                                     data         000000
__Heeprom_data                              eeprom_data  000000
__Hfarbss                                   farbss       000000
__Hfardata                                  fardata      000000
__Hibigdata                                 ibigdata     000000
__Hidata                                    idata        000000
__Hidloc                                    idloc        200010
__Hifardata                                 ifardata     000000
__Hinit                                     init         0000BC
__Hintcode                                  intcode      0000B8
__Hintcode_body                             intcode_body 000000
__Hintcodelo                                intcodelo    0000B8
__Hintentry                                 intentry     000000
__Hintret                                   intret       000000
__Hintsave_regs                             intsave_regs 000000
__Hirdata                                   irdata       000000
__Hmediumconst                              mediumconst  000000
__HnvCOMRAM                                 nvCOMRAM     000000
__HnvFARRAM                                 nvFARRAM     000000
__Hnvbit                                    nvbit        000000
__Hnvrram                                   nvrram       000000
__Hparam                                    rparam       000000
__Hpowerup                                  powerup      0000B8
__Hram                                      ram          000000
__Hramtop                                   ramtop       000F00
__Hrbit                                     rbit         000000
__Hrbss                                     rbss         000000
__Hrdata                                    rdata        000000
__Hreset_vec                                reset_vec    000004
__Hrparam                                   rparam       000000
__Hsfr                                      sfr          000000
__Hsmallconst                               smallconst   000F42
__Hspace_0                                  (abs)        30000C
__Hspace_1                                  (abs)        000068
__Hspace_2                                  (abs)        000000
__Hstack                                    stack        000000
__Hstruct                                   struct       000000
__Htemp                                     temp         00004E
__Htext                                     text         000000
__Htext0                                    text0        000000
__Htext1                                    text1        000000
__Htext10                                   text10       000000
__Htext11                                   text11       000000
__Htext12                                   text12       000000
__Htext13                                   text13       000000
__Htext14                                   text14       000000
__Htext15                                   text15       000000
__Htext16                                   text16       000000
__Htext18                                   text18       000000
__Htext19                                   text19       000000
__Htext2                                    text2        000000
__Htext20                                   text20       000000
__Htext21                                   text21       000000
__Htext22                                   text22       000000
__Htext23                                   text23       000000
__Htext24                                   text24       000000
__Htext25                                   text25       000000
__Htext26                                   text26       000000
__Htext27                                   text27       000000
__Htext28                                   text28       000000
__Htext29                                   text29       000000
__Htext3                                    text3        000000
__Htext30                                   text30       000000
__Htext31                                   text31       000000
__Htext32                                   text32       000000
__Htext33                                   text33       000000
__Htext34                                   text34       000000
__Htext35                                   text35       000000
__Htext36                                   text36       000000
__Htext37                                   text37       000000
__Htext38                                   text38       000000
__Htext39                                   text39       000000
__Htext4                                    text4        000000
__Htext40                                   text40       000000
__Htext41                                   text41       000000
__Htext42                                   text42       000000
__Htext43                                   text43       000000
__Htext44                                   text44       000000
__Htext45                                   text45       000000
__Htext46                                   text46       000000
__Htext47                                   text47       000000
__Htext48                                   text48       000000
__Htext49                                   text49       000000
__Htext5                                    text5        000000
__Htext50                                   text50       000000
__Htext51                                   text51       000000
__Htext52                                   text52       000000
__Htext53                                   text53       000000
__Htext54                                   text54       000000
__Htext55                                   text55       000000
__Htext56                                   text56       000000
__Htext57                                   text57       000000
__Htext58                                   text58       000000
__Htext59                                   text59       000000
__Htext6                                    text6        000000
__Htext60                                   text60       000000
__Htext61                                   text61       000000
__Htext62                                   text62       000000
__Htext63                                   text63       000000
__Htext64                                   text64       000000
__Htext65                                   text65       000000
__Htext7                                    text7        000000
__Htext8                                    text8        000000
__Htext9                                    text9        000000
__LRAM                                      (abs)        000001
__Labs1                                     abs1         000000
__Lbank0                                    bank0        000000
__Lbank1                                    bank1        000000
__Lbank10                                   bank10       000000
__Lbank11                                   bank11       000000
__Lbank12                                   bank12       000000
__Lbank13                                   bank13       000000
__Lbank14                                   bank14       000000
__Lbank2                                    bank2        000000
__Lbank3                                    bank3        000000
__Lbank4                                    bank4        000000
__Lbank5                                    bank5        000000
__Lbank6                                    bank6        000000
__Lbank7                                    bank7        000000
__Lbank8                                    bank8        000000
__Lbank9                                    bank9        000000
__Lbigbss                                   bigbss       000000
__Lbigdata                                  bigdata      000000
__Lbigram                                   bigram       000000
__Lbss                                      bss          000000
__LbssCOMRAM                                bssCOMRAM    000000
__Lcinit                                    cinit        000000
__Lclrtext                                  clrtext      000000
__Lcomram                                   comram       000000
__Lconfig                                   config       300000
__Lconst                                    const        000000
__LcstackBANK0                              cstackBANK0  000000
__LcstackCOMRAM                             cstackCOMRAM 000000
__Ldata                                     data         000000
__Leeprom_data                              eeprom_data  000000
__Lfarbss                                   farbss       000000
__Lfardata                                  fardata      000000
__Libigdata                                 ibigdata     000000
__Lidata                                    idata        000000
__Lidloc                                    idloc        200000
__Lifardata                                 ifardata     000000
__Linit                                     init         0000B8
__Lintcode                                  intcode      000008
__Lintcode_body                             intcode_body 000000
__Lintcodelo                                intcodelo    0000B8
__Lintentry                                 intentry     000000
__Lintret                                   intret       000000
__Lintsave_regs                             intsave_regs 000000
__Lirdata                                   irdata       000000
__Lmediumconst                              mediumconst  000000
__LnvCOMRAM                                 nvCOMRAM     000000
__LnvFARRAM                                 nvFARRAM     000000
__Lnvbit                                    nvbit        000000
__Lnvrram                                   nvrram       000000
__Lparam                                    rparam       000000
__Lpowerup                                  powerup      0000B8
__Lram                                      ram          000000
__Lramtop                                   ramtop       000F00
__Lrbit                                     rbit         000000
__Lrbss                                     rbss         000000
__Lrdata                                    rdata        000000
__Lreset_vec                                reset_vec    000000
__Lrparam                                   rparam       000000
__Lsfr                                      sfr          000000
__Lsmallconst                               smallconst   000F00
__Lspace_0                                  (abs)        000000
__Lspace_1                                  (abs)        000000
__Lspace_2                                  (abs)        000000
__Lstack                                    stack        000000
__Lstruct                                   struct       000000
__Ltemp                                     temp         00004D
__Ltext                                     text         000000
__Ltext0                                    text0        000000
__Ltext1                                    text1        000000
__Ltext10                                   text10       000000
__Ltext11                                   text11       000000
__Ltext12                                   text12       000000
__Ltext13                                   text13       000000
__Ltext14                                   text14       000000
__Ltext15                                   text15       000000
__Ltext16                                   text16       000000
__Ltext18                                   text18       000000
__Ltext19                                   text19       000000
__Ltext2                                    text2        000000
__Ltext20                                   text20       000000
__Ltext21                                   text21       000000
__Ltext22                                   text22       000000
__Ltext23                                   text23       000000
__Ltext24                                   text24       000000
__Ltext25                                   text25       000000
__Ltext26                                   text26       000000
__Ltext27                                   text27       000000
__Ltext28                                   text28       000000
__Ltext29                                   text29       000000
__Ltext3                                    text3        000000
__Ltext30                                   text30       000000
__Ltext31                                   text31       000000
__Ltext32                                   text32       000000
__Ltext33                                   text33       000000
__Ltext34                                   text34       000000
__Ltext35                                   text35       000000
__Ltext36                                   text36       000000
__Ltext37                                   text37       000000
__Ltext38                                   text38       000000
__Ltext39                                   text39       000000
__Ltext4                                    text4        000000
__Ltext40                                   text40       000000
__Ltext41                                   text41       000000
__Ltext42                                   text42       000000
__Ltext43                                   text43       000000
__Ltext44                                   text44       000000
__Ltext45                                   text45       000000
__Ltext46                                   text46       000000
__Ltext47                                   text47       000000
__Ltext48                                   text48       000000
__Ltext49                                   text49       000000
__Ltext5                                    text5        000000
__Ltext50                                   text50       000000
__Ltext51                                   text51       000000
__Ltext52                                   text52       000000
__Ltext53                                   text53       000000
__Ltext54                                   text54       000000
__Ltext55                                   text55       000000
__Ltext56                                   text56       000000
__Ltext57                                   text57       000000
__Ltext58                                   text58       000000
__Ltext59                                   text59       000000
__Ltext6                                    text6        000000
__Ltext60                                   text60       000000
__Ltext61                                   text61       000000
__Ltext62                                   text62       000000
__Ltext63                                   text63       000000
__Ltext64                                   text64       000000
__Ltext65                                   text65       000000
__Ltext7                                    text7        000000
__Ltext8                                    text8        000000
__Ltext9                                    text9        000000
__S0                                        (abs)        30000C
__S1                                        (abs)        000068
__S2                                        (abs)        000000
___inthi_sp                                 stack        000000
___intlo_sp                                 stack        000000
___param_bank                               (abs)        000000
___rparam_used                              (abs)        000001
___sp                                       stack        000000
__accesstop                                 (abs)        000060
__activetblptr                              (abs)        000003
__end_of_Delay_Xms                          text3        001242
__end_of_EXT_INT_Initialize                 text15       0014CC
__end_of_INT0_CallBack                      text63       001466
__end_of_INT0_DefaultInterruptHandler       text64       00160E
__end_of_INT0_ISR                           text62       001580
__end_of_INT0_SetInterruptHandler           text16       001558
__end_of_INTERRUPT_Initialize               text14       0015E8
__end_of_INTERRUPT_InterruptManager         intcode      0000B8
__end_of_IOCAF1_DefaultInterruptHandler     text61       00160C
__end_of_IOCAF1_ISR                         text60       00142A
__end_of_IOCAF1_SetInterruptHandler         text12       00154E
__end_of_IOCAF2_DefaultInterruptHandler     text59       00160A
__end_of_IOCAF2_ISR                         text58       001406
__end_of_IOCAF2_SetInterruptHandler         text11       001544
__end_of_IOCAF3_DefaultInterruptHandler     text57       001608
__end_of_IOCAF3_ISR                         text56       0013E2
__end_of_IOCAF3_SetInterruptHandler         text10       00153A
__end_of_IOCAF4_DefaultInterruptHandler     text55       001606
__end_of_IOCAF4_ISR                         text54       0013BE
__end_of_IOCAF4_SetInterruptHandler         text9        001530
__end_of_OSCILLATOR_Initialize              text13       0014B4
__end_of_PIN_MANAGER_IOC                    text53       00139A
__end_of_PIN_MANAGER_Initialize             text8        001026
__end_of_PMD_Initialize                     text7        001482
__end_of_SYSTEM_Initialize                  text4        00149C
__end_of_SetLed                             text2        001376
__end_of_TMR2_CallBack                      text51       001448
__end_of_TMR2_DefaultInterruptHandler       text52       001604
__end_of_TMR2_ISR                           text50       001576
__end_of_TMR2_Initialize                    text5        00134E
__end_of_TMR2_SetInterruptHandler           text6        001526
__end_of__initialization                    cinit        0014D8
__end_of_do_I2C_DO_ACK                      text27       001598
__end_of_do_I2C_DO_ADDRESS_NACK             text24       001322
__end_of_do_I2C_DO_NACK_RESTART             text25       001588
__end_of_do_I2C_DO_NACK_STOP                text26       001590
__end_of_do_I2C_IDLE                        text35       00156C
__end_of_do_I2C_RCEN                        text28       001562
__end_of_do_I2C_RESET                       text36       00151C
__end_of_do_I2C_RX                          text22       00118E
__end_of_do_I2C_SEND_ADR_READ               text30       00150E
__end_of_do_I2C_SEND_ADR_WRITE              text29       001500
__end_of_do_I2C_SEND_RESTART                text32       0015A8
__end_of_do_I2C_SEND_RESTART_READ           text34       0015B8
__end_of_do_I2C_SEND_RESTART_WRITE          text33       0015B0
__end_of_do_I2C_SEND_STOP                   text31       0015A0
__end_of_do_I2C_TX                          text23       0010AC
__end_of_do_I2C_TX_EMPTY                    text37       0012E2
__end_of_fsmStateTable                      smallconst   000F21
__end_of_i2c1_driver_TXData                 text40       0015C0
__end_of_i2c1_driver_clearBusCollision      text19       0015CC
__end_of_i2c1_driver_getRXData              text41       0015EC
__end_of_i2c1_driver_isNACK                 text39       0014F2
__end_of_i2c1_driver_resetBus               text43       001602
__end_of_i2c1_driver_restart                text48       001600
__end_of_i2c1_driver_sendACK                text49       0015E4
__end_of_i2c1_driver_sendNACK               text42       0015DE
__end_of_i2c1_driver_startRX                text44       0015F0
__end_of_i2c1_driver_stop                   text47       0015FC
__end_of_i2c_ISR                            text20       001292
__end_of_i2c_busCollisionISR                text18       0015C6
__end_of_ledBlink_RGB                       text1        001122
__end_of_main                               text0        0011F2
__end_of_mssp1_clearIRQ                     text21       0015D2
__end_of_mssp1_setIRQ                       text38       0015D8
__end_of_returnReset                        text45       0015F4
__end_of_returnStop                         text46       0015F8
__end_of_spi1_configuration                 smallconst   000F41
__end_of_spi2_configuration                 smallconst   000F3D
__end_of_spiMaster                          smallconst   000F35
__initialization                            cinit        0014CC
__mediumconst                               mediumconst  000000
__pbssCOMRAM                                bssCOMRAM    000001
__pcinit                                    cinit        0014CC
__pcstackBANK0                              cstackBANK0  000060
__pcstackCOMRAM                             cstackCOMRAM 00002D
__pintcode                                  intcode      000008
__pnvCOMRAM                                 nvCOMRAM     000041
__psmallconst                               smallconst   000F00
__ptext0                                    text0        00118E
__ptext1                                    text1        0010AC
__ptext10                                   text10       001530
__ptext11                                   text11       00153A
__ptext12                                   text12       001544
__ptext13                                   text13       00149C
__ptext14                                   text14       0015E4
__ptext15                                   text15       0014B4
__ptext16                                   text16       00154E
__ptext18                                   text18       0015C0
__ptext19                                   text19       0015C6
__ptext2                                    text2        00134E
__ptext20                                   text20       001242
__ptext21                                   text21       0015CC
__ptext22                                   text22       001122
__ptext23                                   text23       001026
__ptext24                                   text24       0012E2
__ptext25                                   text25       001580
__ptext26                                   text26       001588
__ptext27                                   text27       001590
__ptext28                                   text28       001558
__ptext29                                   text29       0014F2
__ptext3                                    text3        0011F2
__ptext30                                   text30       001500
__ptext31                                   text31       001598
__ptext32                                   text32       0015A0
__ptext33                                   text33       0015A8
__ptext34                                   text34       0015B0
__ptext35                                   text35       001562
__ptext36                                   text36       00150E
__ptext37                                   text37       001292
__ptext38                                   text38       0015D2
__ptext39                                   text39       0014E2
__ptext4                                    text4        001482
__ptext40                                   text40       0015B8
__ptext41                                   text41       0015E8
__ptext42                                   text42       0015D8
__ptext43                                   text43       001600
__ptext44                                   text44       0015EC
__ptext45                                   text45       0015F0
__ptext46                                   text46       0015F4
__ptext47                                   text47       0015F8
__ptext48                                   text48       0015FC
__ptext49                                   text49       0015DE
__ptext5                                    text5        001322
__ptext50                                   text50       00156C
__ptext51                                   text51       00142A
__ptext52                                   text52       001602
__ptext53                                   text53       001376
__ptext54                                   text54       00139A
__ptext55                                   text55       001604
__ptext56                                   text56       0013BE
__ptext57                                   text57       001606
__ptext58                                   text58       0013E2
__ptext59                                   text59       001608
__ptext6                                    text6        00151C
__ptext60                                   text60       001406
__ptext61                                   text61       00160A
__ptext62                                   text62       001576
__ptext63                                   text63       001448
__ptext64                                   text64       00160C
__ptext65                                   text65       000000
__ptext7                                    text7        001466
__ptext8                                    text8        000F42
__ptext9                                    text9        001526
__ramtop                                    ramtop       000F00
__size_of_Delay_Xms                         (abs)        000000
__size_of_EXT_INT_Initialize                (abs)        000000
__size_of_INT0_CallBack                     (abs)        000000
__size_of_INT0_DefaultInterruptHandler      (abs)        000000
__size_of_INT0_ISR                          (abs)        000000
__size_of_INT0_SetInterruptHandler          (abs)        000000
__size_of_INTERRUPT_Initialize              (abs)        000000
__size_of_INTERRUPT_InterruptManager        (abs)        000000
__size_of_IOCAF1_DefaultInterruptHandler    (abs)        000000
__size_of_IOCAF1_ISR                        (abs)        000000
__size_of_IOCAF1_SetInterruptHandler        (abs)        000000
__size_of_IOCAF2_DefaultInterruptHandler    (abs)        000000
__size_of_IOCAF2_ISR                        (abs)        000000
__size_of_IOCAF2_SetInterruptHandler        (abs)        000000
__size_of_IOCAF3_DefaultInterruptHandler    (abs)        000000
__size_of_IOCAF3_ISR                        (abs)        000000
__size_of_IOCAF3_SetInterruptHandler        (abs)        000000
__size_of_IOCAF4_DefaultInterruptHandler    (abs)        000000
__size_of_IOCAF4_ISR                        (abs)        000000
__size_of_IOCAF4_SetInterruptHandler        (abs)        000000
__size_of_OSCILLATOR_Initialize             (abs)        000000
__size_of_PIN_MANAGER_IOC                   (abs)        000000
__size_of_PIN_MANAGER_Initialize            (abs)        000000
__size_of_PMD_Initialize                    (abs)        000000
__size_of_SYSTEM_Initialize                 (abs)        000000
__size_of_SetLed                            (abs)        000000
__size_of_TMR2_CallBack                     (abs)        000000
__size_of_TMR2_DefaultInterruptHandler      (abs)        000000
__size_of_TMR2_ISR                          (abs)        000000
__size_of_TMR2_Initialize                   (abs)        000000
__size_of_TMR2_SetInterruptHandler          (abs)        000000
__size_of_do_I2C_DO_ACK                     (abs)        000000
__size_of_do_I2C_DO_ADDRESS_NACK            (abs)        000000
__size_of_do_I2C_DO_NACK_RESTART            (abs)        000000
__size_of_do_I2C_DO_NACK_STOP               (abs)        000000
__size_of_do_I2C_IDLE                       (abs)        000000
__size_of_do_I2C_RCEN                       (abs)        000000
__size_of_do_I2C_RESET                      (abs)        000000
__size_of_do_I2C_RX                         (abs)        000000
__size_of_do_I2C_SEND_ADR_READ              (abs)        000000
__size_of_do_I2C_SEND_ADR_WRITE             (abs)        000000
__size_of_do_I2C_SEND_RESTART               (abs)        000000
__size_of_do_I2C_SEND_RESTART_READ          (abs)        000000
__size_of_do_I2C_SEND_RESTART_WRITE         (abs)        000000
__size_of_do_I2C_SEND_STOP                  (abs)        000000
__size_of_do_I2C_TX                         (abs)        000000
__size_of_do_I2C_TX_EMPTY                   (abs)        000000
__size_of_i2c1_driver_TXData                (abs)        000000
__size_of_i2c1_driver_clearBusCollision     (abs)        000000
__size_of_i2c1_driver_getRXData             (abs)        000000
__size_of_i2c1_driver_isNACK                (abs)        000000
__size_of_i2c1_driver_resetBus              (abs)        000000
__size_of_i2c1_driver_restart               (abs)        000000
__size_of_i2c1_driver_sendACK               (abs)        000000
__size_of_i2c1_driver_sendNACK              (abs)        000000
__size_of_i2c1_driver_startRX               (abs)        000000
__size_of_i2c1_driver_stop                  (abs)        000000
__size_of_i2c_ISR                           (abs)        000000
__size_of_i2c_busCollisionISR               (abs)        000000
__size_of_ledBlink_RGB                      (abs)        000000
__size_of_main                              (abs)        000000
__size_of_mssp1_clearIRQ                    (abs)        000000
__size_of_mssp1_setIRQ                      (abs)        000000
__size_of_returnReset                       (abs)        000000
__size_of_returnStop                        (abs)        000000
__smallconst                                smallconst   000F00
_do_I2C_DO_ACK                              text27       001590
_do_I2C_DO_ADDRESS_NACK                     text24       0012E2
_do_I2C_DO_NACK_RESTART                     text25       001580
_do_I2C_DO_NACK_STOP                        text26       001588
_do_I2C_IDLE                                text35       001562
_do_I2C_RCEN                                text28       001558
_do_I2C_RESET                               text36       00150E
_do_I2C_RX                                  text22       001122
_do_I2C_SEND_ADR_READ                       text30       001500
_do_I2C_SEND_ADR_WRITE                      text29       0014F2
_do_I2C_SEND_RESTART                        text32       0015A0
_do_I2C_SEND_RESTART_READ                   text34       0015B0
_do_I2C_SEND_RESTART_WRITE                  text33       0015A8
_do_I2C_SEND_STOP                           text31       001598
_do_I2C_TX                                  text23       001026
_do_I2C_TX$306                              cstackCOMRAM 00002E
_do_I2C_TX_EMPTY                            text37       001292
_fsmStateTable                              smallconst   000F01
_i2c1_driver_TXData                         text40       0015B8
_i2c1_driver_busCollisionISR                bssCOMRAM    00002B
_i2c1_driver_clearBusCollision              text19       0015C6
_i2c1_driver_getRXData                      text41       0015E8
_i2c1_driver_i2cISR                         bssCOMRAM    000029
_i2c1_driver_isNACK                         text39       0014E2
_i2c1_driver_resetBus                       text43       001600
_i2c1_driver_restart                        text48       0015FC
_i2c1_driver_sendACK                        text49       0015DE
_i2c1_driver_sendNACK                       text42       0015D8
_i2c1_driver_startRX                        text44       0015EC
_i2c1_driver_stop                           text47       0015F8
_i2c_ISR                                    text20       001242
_i2c_busCollisionISR                        text18       0015C0
_i2c_status                                 bssCOMRAM    000001
_ledBlink_RGB                               text1        0010AC
_main                                       text0        00118E
_mssp1_clearIRQ                             text21       0015CC
_mssp1_setIRQ                               text38       0015D2
_returnReset                                text45       0015F0
_returnStop                                 text46       0015F4
_spi1_configuration                         smallconst   000F3D
_spi1_interruptHandler                      bssCOMRAM    000027
_spi2_close                                 (abs)        000000
_spi2_configuration                         smallconst   000F35
_spi2_exchangeBlock                         (abs)        000000
_spi2_exchangeByte                          (abs)        000000
_spi2_interruptHandler                      bssCOMRAM    000025
_spi2_isr                                   (abs)        000000
_spi2_readBlock                             (abs)        000000
_spi2_readByte                              (abs)        000000
_spi2_setSpiISR                             (abs)        000000
_spi2_writeBlock                            (abs)        000000
_spi2_writeByte                             (abs)        000000
_spiMaster                                  smallconst   000F21
btemp                                       temp         00004D
end_of_initialization                       cinit        0014D8
i2c1_driver_TXData@d                        cstackCOMRAM 00002D
int$flags                                   temp         00004D
intlevel0                                   text         000000
intlevel1                                   text         000000
intlevel2                                   text         000000
intlevel3                                   text         000000
ledBlink_RGB@delay                          cstackBANK0  000064
returnReset@p                               cstackCOMRAM 00002D
stackhi                                     (abs)        000E87
stacklo                                     (abs)        000068
start                                       init         0000B8
start_initialization                        cinit        0014CC
ttemp5                                      temp         00004E
ttemp6                                      temp         000051
ttemp7                                      temp         000055
wtemp8                                      temp         00004E


FUNCTION INFORMATION:

 *************** function _main *****************
 Defined at:
		line 57 in file "main.c"
 Parameters:    Size  Location     Type
		None
 Auto vars:     Size  Location     Type
		None
 Return value:  Size  Location     Type
                  1    wreg      void 
 Registers used:
		wreg, status,2, status,0, cstack
 Tracked objects:
		On entry : 
		On exit  : 
		Unchanged: 
 Data sizes:     COMRAM   BANK0   BANK1   BANK2   BANK3   BANK4   BANK5   BANK6   BANK7   BANK8   BANK9  BANK10  BANK11  BANK12  BANK13  BANK14
      Params:         0       0       0       0       0       0       0       0       0       0       0       0       0       0       0       0
      Locals:         0       0       0       0       0       0       0       0       0       0       0       0       0       0       0       0
      Temps:          0       0       0       0       0       0       0       0       0       0       0       0       0       0       0       0
      Totals:         0       0       0       0       0       0       0       0       0       0       0       0       0       0       0       0
Total ram usage:        0 bytes
 Hardware stack levels required when called:    8
 This function calls:
		_Delay_Xms
		_SYSTEM_Initialize
		_SetLed
		_ledBlink_RGB
 This function is called by:
		Startup code after reset
 This function uses a non-reentrant model


 *************** function _ledBlink_RGB *****************
 Defined at:
		line 47 in file "main.c"
 Parameters:    Size  Location     Type
  delay           4    4[BANK0 ] long 
 Auto vars:     Size  Location     Type
		None
 Return value:  Size  Location     Type
                  1    wreg      void 
 Registers used:
		wreg, status,2, status,0, cstack
 Tracked objects:
		On entry : 
		On exit  : 
		Unchanged: 
 Data sizes:     COMRAM   BANK0   BANK1   BANK2   BANK3   BANK4   BANK5   BANK6   BANK7   BANK8   BANK9  BANK10  BANK11  BANK12  BANK13  BANK14
      Params:         0       4       0       0       0       0       0       0       0       0       0       0       0       0       0       0
      Locals:         0       0       0       0       0       0       0       0       0       0       0       0       0       0       0       0
      Temps:          0       0       0       0       0       0       0       0       0       0       0       0       0       0       0       0
      Totals:         0       4       0       0       0       0       0       0       0       0       0       0       0       0       0       0
Total ram usage:        4 bytes
 Hardware stack levels used:    1
 Hardware stack levels required when called:    6
 This function calls:
		_Delay_Xms
		_SetLed
 This function is called by:
		_main
 This function uses a non-reentrant model


 *************** function _SetLed *****************
 Defined at:
		line 16 in file "main.c"
 Parameters:    Size  Location     Type
  R               1    wreg     unsigned char 
  G               1   15[COMRAM] unsigned char 
  B               1   16[COMRAM] unsigned char 
 Auto vars:     Size  Location     Type
  R               1   17[COMRAM] unsigned char 
 Return value:  Size  Location     Type
                  1    wreg      void 
 Registers used:
		wreg, status,2
 Tracked objects:
		On entry : 
		On exit  : 
		Unchanged: 
 Data sizes:     COMRAM   BANK0   BANK1   BANK2   BANK3   BANK4   BANK5   BANK6   BANK7   BANK8   BANK9  BANK10  BANK11  BANK12  BANK13  BANK14
      Params:         2       0       0       0       0       0       0       0       0       0       0       0       0       0       0       0
      Locals:         1       0       0       0       0       0       0       0       0       0       0       0       0       0       0       0
      Temps:          0       0       0       0       0       0       0       0       0       0       0       0       0       0       0       0
      Totals:         3       0       0       0       0       0       0       0       0       0       0       0       0       0       0       0
Total ram usage:        3 bytes
 Hardware stack levels used:    1
 Hardware stack levels required when called:    5
 This function calls:
		Nothing
 This function is called by:
		_ledBlink_RGB
		_main
		_spi_isr
 This function uses a non-reentrant model


 *************** function _Delay_Xms *****************
 Defined at:
		line 40 in file "main.c"
 Parameters:    Size  Location     Type
  delay           4   15[COMRAM] long 
 Auto vars:     Size  Location     Type
  i               4    0[BANK0 ] long 
 Return value:  Size  Location     Type
                  1    wreg      void 
 Registers used:
		wreg, status,2, status,0
 Tracked objects:
		On entry : 
		On exit  : 
		Unchanged: 
 Data sizes:     COMRAM   BANK0   BANK1   BANK2   BANK3   BANK4   BANK5   BANK6   BANK7   BANK8   BANK9  BANK10  BANK11  BANK12  BANK13  BANK14
      Params:         4       0       0       0       0       0       0       0       0       0       0       0       0       0       0       0
      Locals:         0       4       0       0       0       0       0       0       0       0       0       0       0       0       0       0
      Temps:          1       0       0       0       0       0       0       0       0       0       0       0       0       0       0       0
      Totals:         5       4       0       0       0       0       0       0       0       0       0       0       0       0       0       0
Total ram usage:        9 bytes
 Hardware stack levels used:    1
 Hardware stack levels required when called:    5
 This function calls:
		Nothing
 This function is called by:
		_ledBlink_RGB
		_main
		_spi_isr
 This function uses a non-reentrant model


 *************** function _SYSTEM_Initialize *****************
 Defined at:
		line 50 in file "mcc_generated_files/mcc.c"
 Parameters:    Size  Location     Type
		None
 Auto vars:     Size  Location     Type
		None
 Return value:  Size  Location     Type
                  1    wreg      void 
 Registers used:
		wreg, status,2, status,0, cstack
 Tracked objects:
		On entry : 
		On exit  : 
		Unchanged: 
 Data sizes:     COMRAM   BANK0   BANK1   BANK2   BANK3   BANK4   BANK5   BANK6   BANK7   BANK8   BANK9  BANK10  BANK11  BANK12  BANK13  BANK14
      Params:         0       0       0       0       0       0       0       0       0       0       0       0       0       0       0       0
      Locals:         0       0       0       0       0       0       0       0       0       0       0       0       0       0       0       0
      Temps:          0       0       0       0       0       0       0       0       0       0       0       0       0       0       0       0
      Totals:         0       0       0       0       0       0       0       0       0       0       0       0       0       0       0       0
Total ram usage:        0 bytes
 Hardware stack levels used:    1
 Hardware stack levels required when called:    7
 This function calls:
		_EXT_INT_Initialize
		_INTERRUPT_Initialize
		_OSCILLATOR_Initialize
		_PIN_MANAGER_Initialize
		_PMD_Initialize
		_TMR2_Initialize
 This function is called by:
		_main
 This function uses a non-reentrant model


 *************** function _TMR2_Initialize *****************
 Defined at:
		line 64 in file "mcc_generated_files/tmr2.c"
 Parameters:    Size  Location     Type
		None
 Auto vars:     Size  Location     Type
		None
 Return value:  Size  Location     Type
                  1    wreg      void 
 Registers used:
		wreg, status,2, status,0, cstack
 Tracked objects:
		On entry : 
		On exit  : 
		Unchanged: 
 Data sizes:     COMRAM   BANK0   BANK1   BANK2   BANK3   BANK4   BANK5   BANK6   BANK7   BANK8   BANK9  BANK10  BANK11  BANK12  BANK13  BANK14
      Params:         0       0       0       0       0       0       0       0       0       0       0       0       0       0       0       0
      Locals:         0       0       0       0       0       0       0       0       0       0       0       0       0       0       0       0
      Temps:          0       0       0       0       0       0       0       0       0       0       0       0       0       0       0       0
      Totals:         0       0       0       0       0       0       0       0       0       0       0       0       0       0       0       0
Total ram usage:        0 bytes
 Hardware stack levels used:    1
 Hardware stack levels required when called:    6
 This function calls:
		_TMR2_SetInterruptHandler
 This function is called by:
		_SYSTEM_Initialize
 This function uses a non-reentrant model


 *************** function _TMR2_SetInterruptHandler *****************
 Defined at:
		line 186 in file "mcc_generated_files/tmr2.c"
 Parameters:    Size  Location     Type
  InterruptHan    2   15[COMRAM] PTR FTN()void 
		 -> TMR2_DefaultInterruptHandler(1), 
 Auto vars:     Size  Location     Type
		None
 Return value:  Size  Location     Type
                  1    wreg      void 
 Registers used:
		wreg, status,2, status,0
 Tracked objects:
		On entry : 
		On exit  : 
		Unchanged: 
 Data sizes:     COMRAM   BANK0   BANK1   BANK2   BANK3   BANK4   BANK5   BANK6   BANK7   BANK8   BANK9  BANK10  BANK11  BANK12  BANK13  BANK14
      Params:         2       0       0       0       0       0       0       0       0       0       0       0       0       0       0       0
      Locals:         0       0       0       0       0       0       0       0       0       0       0       0       0       0       0       0
      Temps:          0       0       0       0       0       0       0       0       0       0       0       0       0       0       0       0
      Totals:         2       0       0       0       0       0       0       0       0       0       0       0       0       0       0       0
Total ram usage:        2 bytes
 Hardware stack levels used:    1
 Hardware stack levels required when called:    5
 This function calls:
		Nothing
 This function is called by:
		_TMR2_Initialize
 This function uses a non-reentrant model


 *************** function _PMD_Initialize *****************
 Defined at:
		line 74 in file "mcc_generated_files/mcc.c"
 Parameters:    Size  Location     Type
		None
 Auto vars:     Size  Location     Type
		None
 Return value:  Size  Location     Type
                  1    wreg      void 
 Registers used:
		wreg, status,2
 Tracked objects:
		On entry : 
		On exit  : 
		Unchanged: 
 Data sizes:     COMRAM   BANK0   BANK1   BANK2   BANK3   BANK4   BANK5   BANK6   BANK7   BANK8   BANK9  BANK10  BANK11  BANK12  BANK13  BANK14
      Params:         0       0       0       0       0       0       0       0       0       0       0       0       0       0       0       0
      Locals:         0       0       0       0       0       0       0       0       0       0       0       0       0       0       0       0
      Temps:          0       0       0       0       0       0       0       0       0       0       0       0       0       0       0       0
      Totals:         0       0       0       0       0       0       0       0       0       0       0       0       0       0       0       0
Total ram usage:        0 bytes
 Hardware stack levels used:    1
 Hardware stack levels required when called:    5
 This function calls:
		Nothing
 This function is called by:
		_SYSTEM_Initialize
 This function uses a non-reentrant model


 *************** function _PIN_MANAGER_Initialize *****************
 Defined at:
		line 60 in file "mcc_generated_files/pin_manager.c"
 Parameters:    Size  Location     Type
		None
 Auto vars:     Size  Location     Type
		None
 Return value:  Size  Location     Type
                  1    wreg      void 
 Registers used:
		wreg, status,2, status,0, cstack
 Tracked objects:
		On entry : 
		On exit  : 
		Unchanged: 
 Data sizes:     COMRAM   BANK0   BANK1   BANK2   BANK3   BANK4   BANK5   BANK6   BANK7   BANK8   BANK9  BANK10  BANK11  BANK12  BANK13  BANK14
      Params:         0       0       0       0       0       0       0       0       0       0       0       0       0       0       0       0
      Locals:         0       0       0       0       0       0       0       0       0       0       0       0       0       0       0       0
      Temps:          0       0       0       0       0       0       0       0       0       0       0       0       0       0       0       0
      Totals:         0       0       0       0       0       0       0       0       0       0       0       0       0       0       0       0
Total ram usage:        0 bytes
 Hardware stack levels used:    1
 Hardware stack levels required when called:    6
 This function calls:
		_IOCAF1_SetInterruptHandler
		_IOCAF2_SetInterruptHandler
		_IOCAF3_SetInterruptHandler
		_IOCAF4_SetInterruptHandler
 This function is called by:
		_SYSTEM_Initialize
 This function uses a non-reentrant model


 *************** function _IOCAF4_SetInterruptHandler *****************
 Defined at:
[...]
 Defined at:
		line 285 in file "mcc_generated_files/pin_manager.c"
 Parameters:    Size  Location     Type
		None
 Auto vars:     Size  Location     Type
		None
 Return value:  Size  Location     Type
                  1    wreg      void 
 Registers used:
		wreg, status,2, status,0, pclath, tosl, cstack
 Tracked objects:
		On entry : 
		On exit  : 
		Unchanged: 
 Data sizes:     COMRAM   BANK0   BANK1   BANK2   BANK3   BANK4   BANK5   BANK6   BANK7   BANK8   BANK9  BANK10  BANK11  BANK12  BANK13  BANK14
      Params:         0       0       0       0       0       0       0       0       0       0       0       0       0       0       0       0
      Locals:         0       0       0       0       0       0       0       0       0       0       0       0       0       0       0       0
      Temps:          0       0       0       0       0       0       0       0       0       0       0       0       0       0       0       0
      Totals:         0       0       0       0       0       0       0       0       0       0       0       0       0       0       0       0
Total ram usage:        0 bytes
 Hardware stack levels used:    1
 Hardware stack levels required when called:    1
 This function calls:
		Absolute function
		_IOCAF4_DefaultInterruptHandler
 This function is called by:
		_PIN_MANAGER_IOC
 This function uses a non-reentrant model


 *************** function _IOCAF4_DefaultInterruptHandler *****************
 Defined at:
		line 307 in file "mcc_generated_files/pin_manager.c"
 Parameters:    Size  Location     Type
		None
 Auto vars:     Size  Location     Type
		None
 Return value:  Size  Location     Type
                  1    wreg      void 
 Registers used:
		None
 Tracked objects:
		On entry : 
		On exit  : 
		Unchanged: 
 Data sizes:     COMRAM   BANK0   BANK1   BANK2   BANK3   BANK4   BANK5   BANK6   BANK7   BANK8   BANK9  BANK10  BANK11  BANK12  BANK13  BANK14
      Params:         0       0       0       0       0       0       0       0       0       0       0       0       0       0       0       0
      Locals:         0       0       0       0       0       0       0       0       0       0       0       0       0       0       0       0
      Temps:          0       0       0       0       0       0       0       0       0       0       0       0       0       0       0       0
      Totals:         0       0       0       0       0       0       0       0       0       0       0       0       0       0       0       0
Total ram usage:        0 bytes
 Hardware stack levels used:    1
 This function calls:
		Nothing
 This function is called by:
		_PIN_MANAGER_Initialize
		_IOCAF4_ISR
 This function uses a non-reentrant model


 *************** function _IOCAF3_ISR *****************
 Defined at:
		line 255 in file "mcc_generated_files/pin_manager.c"
 Parameters:    Size  Location     Type
		None
 Auto vars:     Size  Location     Type
		None
 Return value:  Size  Location     Type
                  1    wreg      void 
 Registers used:
		wreg, status,2, status,0, pclath, tosl, cstack
 Tracked objects:
		On entry : 
		On exit  : 
		Unchanged: 
 Data sizes:     COMRAM   BANK0   BANK1   BANK2   BANK3   BANK4   BANK5   BANK6   BANK7   BANK8   BANK9  BANK10  BANK11  BANK12  BANK13  BANK14
      Params:         0       0       0       0       0       0       0       0       0       0       0       0       0       0       0       0
      Locals:         0       0       0       0       0       0       0       0       0       0       0       0       0       0       0       0
      Temps:          0       0       0       0       0       0       0       0       0       0       0       0       0       0       0       0
      Totals:         0       0       0       0       0       0       0       0       0       0       0       0       0       0       0       0
Total ram usage:        0 bytes
 Hardware stack levels used:    1
 Hardware stack levels required when called:    1
 This function calls:
		Absolute function
		_IOCAF3_DefaultInterruptHandler
 This function is called by:
		_PIN_MANAGER_IOC
 This function uses a non-reentrant model


 *************** function _IOCAF3_DefaultInterruptHandler *****************
 Defined at:
		line 277 in file "mcc_generated_files/pin_manager.c"
 Parameters:    Size  Location     Type
		None
 Auto vars:     Size  Location     Type
		None
 Return value:  Size  Location     Type
                  1    wreg      void 
 Registers used:
		None
 Tracked objects:
		On entry : 
		On exit  : 
		Unchanged: 
 Data sizes:     COMRAM   BANK0   BANK1   BANK2   BANK3   BANK4   BANK5   BANK6   BANK7   BANK8   BANK9  BANK10  BANK11  BANK12  BANK13  BANK14
      Params:         0       0       0       0       0       0       0       0       0       0       0       0       0       0       0       0
      Locals:         0       0       0       0       0       0       0       0       0       0       0       0       0       0       0       0
      Temps:          0       0       0       0       0       0       0       0       0       0       0       0       0       0       0       0
      Totals:         0       0       0       0       0       0       0       0       0       0       0       0       0       0       0       0
Total ram usage:        0 bytes
 Hardware stack levels used:    1
 This function calls:
		Nothing
 This function is called by:
		_PIN_MANAGER_Initialize
		_IOCAF3_ISR
 This function uses a non-reentrant model


 *************** function _IOCAF2_ISR *****************
 Defined at:
		line 225 in file "mcc_generated_files/pin_manager.c"
 Parameters:    Size  Location     Type
		None
 Auto vars:     Size  Location     Type
		None
 Return value:  Size  Location     Type
                  1    wreg      void 
 Registers used:
		wreg, status,2, status,0, pclath, tosl, cstack
 Tracked objects:
		On entry : 
		On exit  : 
		Unchanged: 
 Data sizes:     COMRAM   BANK0   BANK1   BANK2   BANK3   BANK4   BANK5   BANK6   BANK7   BANK8   BANK9  BANK10  BANK11  BANK12  BANK13  BANK14
      Params:         0       0       0       0       0       0       0       0       0       0       0       0       0       0       0       0
      Locals:         0       0       0       0       0       0       0       0       0       0       0       0       0       0       0       0
      Temps:          0       0       0       0       0       0       0       0       0       0       0       0       0       0       0       0
      Totals:         0       0       0       0       0       0       0       0       0       0       0       0       0       0       0       0
Total ram usage:        0 bytes
 Hardware stack levels used:    1
 Hardware stack levels required when called:    1
 This function calls:
		Absolute function
		_IOCAF2_DefaultInterruptHandler
 This function is called by:
		_PIN_MANAGER_IOC
 This function uses a non-reentrant model


 *************** function _IOCAF2_DefaultInterruptHandler *****************
 Defined at:
		line 247 in file "mcc_generated_files/pin_manager.c"
 Parameters:    Size  Location     Type
		None
 Auto vars:     Size  Location     Type
		None
 Return value:  Size  Location     Type
                  1    wreg      void 
 Registers used:
		None
 Tracked objects:
		On entry : 
		On exit  : 
		Unchanged: 
 Data sizes:     COMRAM   BANK0   BANK1   BANK2   BANK3   BANK4   BANK5   BANK6   BANK7   BANK8   BANK9  BANK10  BANK11  BANK12  BANK13  BANK14
      Params:         0       0       0       0       0       0       0       0       0       0       0       0       0       0       0       0
      Locals:         0       0       0       0       0       0       0       0       0       0       0       0       0       0       0       0
      Temps:          0       0       0       0       0       0       0       0       0       0       0       0       0       0       0       0
      Totals:         0       0       0       0       0       0       0       0       0       0       0       0       0       0       0       0
Total ram usage:        0 bytes
 Hardware stack levels used:    1
 This function calls:
		Nothing
 This function is called by:
		_PIN_MANAGER_Initialize
		_IOCAF2_ISR
 This function uses a non-reentrant model


 *************** function _IOCAF1_ISR *****************
 Defined at:
		line 195 in file "mcc_generated_files/pin_manager.c"
 Parameters:    Size  Location     Type
		None
 Auto vars:     Size  Location     Type
		None
 Return value:  Size  Location     Type
                  1    wreg      void 
 Registers used:
		wreg, status,2, status,0, pclath, tosl, cstack
 Tracked objects:
		On entry : 
		On exit  : 
		Unchanged: 
 Data sizes:     COMRAM   BANK0   BANK1   BANK2   BANK3   BANK4   BANK5   BANK6   BANK7   BANK8   BANK9  BANK10  BANK11  BANK12  BANK13  BANK14
      Params:         0       0       0       0       0       0       0       0       0       0       0       0       0       0       0       0
      Locals:         0       0       0       0       0       0       0       0       0       0       0       0       0       0       0       0
      Temps:          0       0       0       0       0       0       0       0       0       0       0       0       0       0       0       0
      Totals:         0       0       0       0       0       0       0       0       0       0       0       0       0       0       0       0
Total ram usage:        0 bytes
 Hardware stack levels used:    1
 Hardware stack levels required when called:    1
 This function calls:
		Absolute function
		_IOCAF1_DefaultInterruptHandler
 This function is called by:
		_PIN_MANAGER_IOC
 This function uses a non-reentrant model


 *************** function _IOCAF1_DefaultInterruptHandler *****************
 Defined at:
		line 217 in file "mcc_generated_files/pin_manager.c"
 Parameters:    Size  Location     Type
		None
 Auto vars:     Size  Location     Type
		None
 Return value:  Size  Location     Type
                  1    wreg      void 
 Registers used:
		None
 Tracked objects:
		On entry : 
		On exit  : 
		Unchanged: 
 Data sizes:     COMRAM   BANK0   BANK1   BANK2   BANK3   BANK4   BANK5   BANK6   BANK7   BANK8   BANK9  BANK10  BANK11  BANK12  BANK13  BANK14
      Params:         0       0       0       0       0       0       0       0       0       0       0       0       0       0       0       0
      Locals:         0       0       0       0       0       0       0       0       0       0       0       0       0       0       0       0
      Temps:          0       0       0       0       0       0       0       0       0       0       0       0       0       0       0       0
      Totals:         0       0       0       0       0       0       0       0       0       0       0       0       0       0       0       0
Total ram usage:        0 bytes
 Hardware stack levels used:    1
 This function calls:
		Nothing
 This function is called by:
		_PIN_MANAGER_Initialize
		_IOCAF1_ISR
 This function uses a non-reentrant model


 *************** function _INT0_ISR *****************
 Defined at:
		line 32 in file "mcc_generated_files/ext_int.c"
 Parameters:    Size  Location     Type
		None
 Auto vars:     Size  Location     Type
		None
 Return value:  Size  Location     Type
                  1    wreg      void 
 Registers used:
		wreg, status,2, status,0, pclath, tosl, cstack
 Tracked objects:
		On entry : 
		On exit  : 
		Unchanged: 
 Data sizes:     COMRAM   BANK0   BANK1   BANK2   BANK3   BANK4   BANK5   BANK6   BANK7   BANK8   BANK9  BANK10  BANK11  BANK12  BANK13  BANK14
      Params:         0       0       0       0       0       0       0       0       0       0       0       0       0       0       0       0
      Locals:         0       0       0       0       0       0       0       0       0       0       0       0       0       0       0       0
      Temps:          0       0       0       0       0       0       0       0       0       0       0       0       0       0       0       0
      Totals:         0       0       0       0       0       0       0       0       0       0       0       0       0       0       0       0
Total ram usage:        0 bytes
 Hardware stack levels used:    1
 Hardware stack levels required when called:    2
 This function calls:
		_INT0_CallBack
 This function is called by:
		_INTERRUPT_InterruptManager
 This function uses a non-reentrant model


 *************** function _INT0_CallBack *****************
 Defined at:
		line 41 in file "mcc_generated_files/ext_int.c"
 Parameters:    Size  Location     Type
		None
 Auto vars:     Size  Location     Type
		None
 Return value:  Size  Location     Type
                  1    wreg      void 
 Registers used:
		wreg, status,2, status,0, pclath, tosl, cstack
 Tracked objects:
		On entry : 
		On exit  : 
		Unchanged: 
 Data sizes:     COMRAM   BANK0   BANK1   BANK2   BANK3   BANK4   BANK5   BANK6   BANK7   BANK8   BANK9  BANK10  BANK11  BANK12  BANK13  BANK14
      Params:         0       0       0       0       0       0       0       0       0       0       0       0       0       0       0       0
      Locals:         0       0       0       0       0       0       0       0       0       0       0       0       0       0       0       0
      Temps:          0       0       0       0       0       0       0       0       0       0       0       0       0       0       0       0
      Totals:         0       0       0       0       0       0       0       0       0       0       0       0       0       0       0       0
Total ram usage:        0 bytes
 Hardware stack levels used:    1
 Hardware stack levels required when called:    1
 This function calls:
		Absolute function
		_INT0_DefaultInterruptHandler
 This function is called by:
		_INT0_ISR
 This function uses a non-reentrant model


 *************** function _INT0_DefaultInterruptHandler *****************
 Defined at:
		line 54 in file "mcc_generated_files/ext_int.c"
 Parameters:    Size  Location     Type
		None
 Auto vars:     Size  Location     Type
		None
 Return value:  Size  Location     Type
                  1    wreg      void 
 Registers used:
		None
 Tracked objects:
		On entry : 
		On exit  : 
		Unchanged: 
 Data sizes:     COMRAM   BANK0   BANK1   BANK2   BANK3   BANK4   BANK5   BANK6   BANK7   BANK8   BANK9  BANK10  BANK11  BANK12  BANK13  BANK14
      Params:         0       0       0       0       0       0       0       0       0       0       0       0       0       0       0       0
      Locals:         0       0       0       0       0       0       0       0       0       0       0       0       0       0       0       0
      Temps:          0       0       0       0       0       0       0       0       0       0       0       0       0       0       0       0
      Totals:         0       0       0       0       0       0       0       0       0       0       0       0       0       0       0       0
Total ram usage:        0 bytes
 Hardware stack levels used:    1
 This function calls:
		Nothing
 This function is called by:
		_EXT_INT_Initialize
		_INT0_CallBack
 This function uses a non-reentrant model



MODULE INFORMATION

Module		Function		Class		Link	Load	Size
mcc_generated_files/tmr2.c
		_TMR2_ISR      		CODE           	156C	0000	11
		_TMR2_Initialize		CODE           	1322	0000	45
		_TMR2_SetInterruptHandler		CODE           	151C	0000	11
		_TMR2_DefaultInterruptHandler		CODE           	1602	0000	3
		_TMR2_CallBack 		CODE           	142A	0000	31

mcc_generated_files/tmr2.c estimated size: 101

mcc_generated_files/interrupt_manager.c
		_INTERRUPT_Initialize		CODE           	15E4	0000	5
		_INTERRUPT_InterruptManager		CODE           	0008	0000	177

mcc_generated_files/interrupt_manager.c estimated size: 182

mcc_generated_files/pin_manager.c
		_PIN_MANAGER_Initialize		CODE           	0F42	0000	229
		_IOCAF1_DefaultInterruptHandler		CODE           	160A	0000	3
		_IOCAF4_DefaultInterruptHandler		CODE           	1604	0000	3
		_IOCAF1_ISR    		CODE           	1406	0000	37
		_IOCAF4_ISR    		CODE           	139A	0000	37
		_IOCAF3_SetInterruptHandler		CODE           	1530	0000	11
		_IOCAF2_DefaultInterruptHandler		CODE           	1608	0000	3
		_IOCAF2_ISR    		CODE           	13E2	0000	37
		_IOCAF1_SetInterruptHandler		CODE           	1544	0000	11
		_PIN_MANAGER_IOC		CODE           	1376	0000	37
		_IOCAF4_SetInterruptHandler		CODE           	1526	0000	11
		_IOCAF3_DefaultInterruptHandler		CODE           	1606	0000	3
		_IOCAF3_ISR    		CODE           	13BE	0000	37
		_IOCAF2_SetInterruptHandler		CODE           	153A	0000	11

mcc_generated_files/pin_manager.c estimated size: 470

mcc_generated_files/ext_int.c
		_INT0_SetInterruptHandler		CODE           	154E	0000	11
		_EXT_INT_Initialize		CODE           	14B4	0000	25
		_INT0_DefaultInterruptHandler		CODE           	160C	0000	3
		_INT0_CallBack 		CODE           	1448	0000	31
		_INT0_ISR      		CODE           	1576	0000	11

mcc_generated_files/ext_int.c estimated size: 81

shared
		__initialization		CODE           	14CC	0000	13
		_fsmStateTable 		SMALLCONST     	0F01	0000	33
		_spiMaster     		SMALLCONST     	0F21	0000	21
		_spi1_configuration		SMALLCONST     	0F3D	0000	5
		_spi2_configuration		SMALLCONST     	0F35	0000	9

shared estimated size: 81

mcc_generated_files/mcc.c
		_PMD_Initialize		CODE           	1466	0000	29
		_OSCILLATOR_Initialize		CODE           	149C	0000	25
		_SYSTEM_Initialize		CODE           	1482	0000	27

mcc_generated_files/mcc.c estimated size: 81

mcc_generated_files/drivers/i2c_master.c
		_returnStop    		CODE           	15F4	0000	5
		_i2c_busCollisionISR		CODE           	15C0	0000	7
		_i2c_ISR       		CODE           	1242	0000	81
		_do_I2C_TX_EMPTY		CODE           	1292	0000	81
		_returnReset   		CODE           	15F0	0000	5
		_do_I2C_SEND_RESTART_WRITE		CODE           	15A8	0000	9
		_do_I2C_DO_NACK_RESTART		CODE           	1580	0000	9
		_do_I2C_SEND_RESTART_READ		CODE           	15B0	0000	9
		_do_I2C_SEND_ADR_WRITE		CODE           	14F2	0000	15
		_do_I2C_SEND_STOP		CODE           	1598	0000	9
		_do_I2C_SEND_ADR_READ		CODE           	1500	0000	15
		_do_I2C_DO_NACK_STOP		CODE           	1588	0000	9
		_do_I2C_SEND_RESTART		CODE           	15A0	0000	9
		_do_I2C_RX     		CODE           	1122	0000	109
		_do_I2C_TX     		CODE           	1026	0000	135
		_do_I2C_IDLE   		CODE           	1562	0000	11
		_do_I2C_RCEN   		CODE           	1558	0000	11
		_do_I2C_DO_ADDRESS_NACK		CODE           	12E2	0000	65
		_do_I2C_RESET  		CODE           	150E	0000	15
		_do_I2C_DO_ACK 		CODE           	1590	0000	9

mcc_generated_files/drivers/i2c_master.c estimated size: 618

mcc_generated_files/i2c1_driver.c
		_i2c1_driver_isNACK		CODE           	14E2	0000	17
		_i2c1_driver_stop		CODE           	15F8	0000	5
		_i2c1_driver_getRXData		CODE           	15E8	0000	5
		_i2c1_driver_TXData		CODE           	15B8	0000	9
		_i2c1_driver_sendACK		CODE           	15DE	0000	7
		_mssp1_setIRQ  		CODE           	15D2	0000	7
		_i2c1_driver_sendNACK		CODE           	15D8	0000	7
		_i2c1_driver_restart		CODE           	15FC	0000	5
		_i2c1_driver_resetBus		CODE           	1600	0000	3
		_i2c1_driver_clearBusCollision		CODE           	15C6	0000	7
		_mssp1_clearIRQ		CODE           	15CC	0000	7
		_i2c1_driver_startRX		CODE           	15EC	0000	5

mcc_generated_files/i2c1_driver.c estimated size: 84

main.c
		_main          		CODE           	118E	0000	101
		_SetLed        		CODE           	134E	0000	41
		_ledBlink_RGB  		CODE           	10AC	0000	119
		_Delay_Xms     		CODE           	11F2	0000	81

main.c estimated size: 342

