Microchip MPLAB XC8 Compiler V2.05 ()

Linker command line:

-W-3 --edf=C:\Program Files (x86)\Microchip\xc8\v2.05\pic\dat\en_msgs.txt \
  -cs -h+dist/default/production\Software.production.sym \
  --cmf=dist/default/production\Software.production.cmf -z -Q18F46K40 \
  -oC:\Users\nicol\AppData\Local\Temp\sjno.2 --defsym=__MPLAB_BUILD=1 \
  -Mdist/default/production/Software.production.map -E1 -ver=XC8 \
  --acfsm=1493 -ASTACK=060h-0E87h -pstack=STACK -ACODE=00h-0FFFFh \
  -ACONST=00h-0FFFFh -ASMALLCONST=0F00h-0FFFhx241 \
  -AMEDIUMCONST=0F00h-0FFFFh -ACOMRAM=01h-05Fh -AABS1=00h-0E87h \
  -ABIGRAM=01h-0E87h -ARAM=060h-0FFh,0100h-01FFhx13,0E00h-0E87h \
  -ABANK0=060h-0FFh -ABANK1=0100h-01FFh -ABANK2=0200h-02FFh \
  -ABANK3=0300h-03FFh -ABANK4=0400h-04FFh -ABANK5=0500h-05FFh \
  -ABANK6=0600h-06FFh -ABANK7=0700h-07FFh -ABANK8=0800h-08FFh \
  -ABANK9=0900h-09FFh -ABANK10=0A00h-0AFFh -ABANK11=0B00h-0BFFh \
  -ABANK12=0C00h-0CFFh -ABANK13=0D00h-0DFFh -ABANK14=0E00h-0E87h \
  -ASFR=0E8Dh-0EFFh,0F00h-0F5Fh,0F60h-0FFFh \
  -preset_vec=00h,intcode=08h,intcodelo,powerup,init -pramtop=0F00h \
  -psmallconst=SMALLCONST -pmediumconst=MEDIUMCONST -pconst=CONST \
  -AFARRAM=00h-00h -ACONFIG=0300000h-030000Bh -pconfig=CONFIG \
  -AIDLOC=0200000h-020000Fh -pidloc=IDLOC -AEEDATA=0310000h-03103FFh \
  -peeprom_data=EEDATA \
  -prdata=COMRAM,nvrram=COMRAM,nvbit=COMRAM,rbss=COMRAM,rbit=COMRAM \
  -pfarbss=FARRAM,fardata=FARRAM,nvFARRAM=FARRAM \
  -pintsave_regs=BIGRAM,bigbss=BIGRAM,bigdata=BIGRAM -pbss=RAM \
  -pidata=CODE,irdata=CODE,ibigdata=CODE,ifardata=CODE -prparam=COMRAM \
  C:\Users\nicol\AppData\Local\Temp\sjno.o \
  dist/default/production\Software.production.o 

Object code version is 3.11

Machine type is 18F46K40

Call graph: (short form)




                Name                               Link     Load   Length Selector   Space Scale
C:\Users\nicol\AppData\Local\Temp\sjno.o
                init                                 B8       B8        4        4       0
                reset_vec                             0        0        4        0       0
                idloc                            200000   200000       10   200000       0
                config                           300000   300000        C   300000       0
dist/default/production\Software.production.o
                intcode                               8        8       B0        4       0
                temp                                 50       50        1        1       1
                smallconst                          F00      F00       3E      780       0
                text73                             1610     1610        2      79F       0
                text72                             1416     1416       1E      79F       0
                text71                             156C     156C        A      79F       0
                text70                             160E     160E        2      79F       0
                text69                             13D4     13D4       24      79F       0
                text68                             160C     160C        2      79F       0
                text67                             13B0     13B0       24      79F       0
                text66                             160A     160A        2      79F       0
                text65                             138C     138C       24      79F       0
                text64                             1608     1608        2      79F       0
                text63                             1368     1368       24      79F       0
                text62                             1606     1606        2      79F       0
                text61                             1344     1344       24      79F       0
                text60                             1604     1604        2      79F       0
                text59                             1320     1320       24      79F       0
                text58                             1602     1602        2      79F       0
                text57                             12FC     12FC       24      79F       0
                text56                             1600     1600        2      79F       0
                text55                             12D8     12D8       24      79F       0
                text54                             1268     1268       44      79F       0
                text53                             15FE     15FE        2      79F       0
                text52                             13F8     13F8       1E      79F       0
                text51                             1562     1562        A      79F       0
                text50                             15DA     15DA        6      79F       0
                text49                             15F8     15F8        4      79F       0
                text48                             15F4     15F4        4      79F       0
                text47                             15F0     15F0        4      79F       0
                text46                             15EC     15EC        4      79F       0
                text45                             15E8     15E8        4      79F       0
                text44                             15FC     15FC        2      79F       0
                text43                             15D4     15D4        6      79F       0
                text42                             15E4     15E4        4      79F       0
                text41                             15AE     15AE        8      79F       0
                text40                             14B0     14B0       10      79F       0
                text39                             15CE     15CE        6      79F       0
                text38                             116C     116C       5E      79F       0
                text37                             14DC     14DC        E      79F       0
                text36                             1558     1558        A      79F       0
                text35                             15A6     15A6        8      79F       0
                text34                             159E     159E        8      79F       0
                text33                             1596     1596        8      79F       0
                text32                             158E     158E        8      79F       0
                text31                             14CE     14CE        E      79F       0
                text30                             14C0     14C0        E      79F       0
                text29                             154E     154E        A      79F       0
                text28                             1586     1586        8      79F       0
                text27                             157E     157E        8      79F       0
                text26                             1576     1576        8      79F       0
                text25                             121A     121A       4E      79F       0
                text24                             106A     106A       88      79F       0
                text23                             10F2     10F2       7A      79F       0
                text22                             15C8     15C8        6      79F       0
                text21                             11CA     11CA       50      79F       0
                text20                             15C2     15C2        6      79F       0
                text19                             15BC     15BC        6      79F       0
                text17                             1544     1544        A      79F       0
                text16                             1482     1482       18      79F       0
                text15                             15E0     15E0        4      79F       0
                text14                             146A     146A       18      79F       0
                text13                             153A     153A        A      79F       0
                text12                             1530     1530        A      79F       0
                text11                             1526     1526        A      79F       0
                text10                             151C     151C        A      79F       0
                text9                              1512     1512        A      79F       0
                text8                              1508     1508        A      79F       0
                text7                              14FE     14FE        A      79F       0
                text6                              14F4     14F4        A      79F       0
                text5                               F3E      F3E      12C      79F       0
                text4                              1434     1434       1C      79F       0
                text3                              14EA     14EA        A      79F       0
                text2                              12AC     12AC       2C      79F       0
                text1                              1450     1450       1A      79F       0
                text0                              15B6     15B6        6      79F       0
                cstackCOMRAM                         3F       3F       11        1       1
                bssCOMRAM                             1        1       2A        1       1
                cinit                              149A     149A       16      79F       0
                nvCOMRAM                             2B       2B       14        1       1

TOTAL           Name                               Link     Load   Length     Space
        CLASS   STACK          

        CLASS   CODE           
                intcode                               8        8       B0         0
                init                                 B8       B8        4         0
                reset_vec                             0        0        4         0
                text73                             1610     1610        2         0
                text72                             1416     1416       1E         0
                text71                             156C     156C        A         0
                text70                             160E     160E        2         0
                text69                             13D4     13D4       24         0
                text68                             160C     160C        2         0
                text67                             13B0     13B0       24         0
                text66                             160A     160A        2         0
                text65                             138C     138C       24         0
                text64                             1608     1608        2         0
                text63                             1368     1368       24         0
                text62                             1606     1606        2         0
                text61                             1344     1344       24         0
                text60                             1604     1604        2         0
                text59                             1320     1320       24         0
                text58                             1602     1602        2         0
                text57                             12FC     12FC       24         0
                text56                             1600     1600        2         0
                text55                             12D8     12D8       24         0
                text54                             1268     1268       44         0
                text53                             15FE     15FE        2         0
                text52                             13F8     13F8       1E         0
                text51                             1562     1562        A         0
                text50                             15DA     15DA        6         0
                text49                             15F8     15F8        4         0
                text48                             15F4     15F4        4         0
                text47                             15F0     15F0        4         0
                text46                             15EC     15EC        4         0
                text45                             15E8     15E8        4         0
                text44                             15FC     15FC        2         0
                text43                             15D4     15D4        6         0
                text42                             15E4     15E4        4         0
                text41                             15AE     15AE        8         0
                text40                             14B0     14B0       10         0
                text39                             15CE     15CE        6         0
                text38                             116C     116C       5E         0
                text37                             14DC     14DC        E         0
                text36                             1558     1558        A         0
                text35                             15A6     15A6        8         0
                text34                             159E     159E        8         0
                text33                             1596     1596        8         0
                text32                             158E     158E        8         0
                text31                             14CE     14CE        E         0
                text30                             14C0     14C0        E         0
                text29                             154E     154E        A         0
                text28                             1586     1586        8         0
                text27                             157E     157E        8         0
                text26                             1576     1576        8         0
                text25                             121A     121A       4E         0
                text24                             106A     106A       88         0
                text23                             10F2     10F2       7A         0
                text22                             15C8     15C8        6         0
                text21                             11CA     11CA       50         0
                text20                             15C2     15C2        6         0
                text19                             15BC     15BC        6         0
                text17                             1544     1544        A         0
                text16                             1482     1482       18         0
                text15                             15E0     15E0        4         0
                text14                             146A     146A       18         0
                text13                             153A     153A        A         0
                text12                             1530     1530        A         0
                text11                             1526     1526        A         0
                text10                             151C     151C        A         0
                text9                              1512     1512        A         0
                text8                              1508     1508        A         0
                text7                              14FE     14FE        A         0
                text6                              14F4     14F4        A         0
                text5                               F3E      F3E      12C         0
                text4                              1434     1434       1C         0
                text3                              14EA     14EA        A         0
                text2                              12AC     12AC       2C         0
                text1                              1450     1450       1A         0
                text0                              15B6     15B6        6         0
                cinit                              149A     149A       16         0

        CLASS   CONST          

        CLASS   SMALLCONST     
                smallconst                          F00      F00       3E         0

        CLASS   MEDIUMCONST    

        CLASS   COMRAM         
                temp                                 50       50        1         1
                cstackCOMRAM                         3F       3F       11         1
                bssCOMRAM                             1        1       2A         1
                nvCOMRAM                             2B       2B       14         1

        CLASS   ABS1           

        CLASS   BIGRAM         

        CLASS   RAM            

        CLASS   BANK0          

        CLASS   BANK1          

        CLASS   BANK2          

        CLASS   BANK3          

        CLASS   BANK4          

        CLASS   BANK5          

        CLASS   BANK6          

        CLASS   BANK7          

        CLASS   BANK8          

        CLASS   BANK9          

        CLASS   BANK10         

        CLASS   BANK11         

        CLASS   BANK12         

        CLASS   BANK13         

        CLASS   BANK14         

        CLASS   SFR            

        CLASS   FARRAM         

        CLASS   CONFIG         
                config                           300000   300000        C         0

        CLASS   IDLOC          
                idloc                            200000   200000       10         0

        CLASS   EEDATA         



SEGMENTS        Name                           Load    Length   Top    Selector   Space  Class

                reset_vec                      000000  000004  000004         0       0  CODE    
                bssCOMRAM                      000001  000050  000051         1       1  COMRAM  
                intcode                        000008  0000B4  0000BC         4       0  CODE    
                smallconst                     000F00  00003E  000F3E       780       0  SMALLCON
                text5                          000F3E  0006D4  001612       79F       0  CODE    
                idloc                          200000  000010  200010    200000       0  IDLOC   
                config                         300000  00000C  30000C    300000       0  CONFIG  


UNUSED ADDRESS RANGES

        Name                Unused          Largest block    Delta
        BANK0            000060-0000FF               A0
        BANK1            000100-0001FF              100
        BANK10           000A00-000AFF              100
        BANK11           000B00-000BFF              100
        BANK12           000C00-000CFF              100
        BANK13           000D00-000DFF              100
        BANK14           000E00-000E87               88
        BANK2            000200-0002FF              100
        BANK3            000300-0003FF              100
        BANK4            000400-0004FF              100
        BANK5            000500-0005FF              100
        BANK6            000600-0006FF              100
        BANK7            000700-0007FF              100
        BANK8            000800-0008FF              100
        BANK9            000900-0009FF              100
        BIGRAM           000051-000E87              E37
        CODE             000004-000007                4
                         0000BC-000EFF              E44
                         001612-00FFFF             E9EE
        COMRAM           000051-00005F                F
        CONST            000004-000007                4
                         0000BC-000EFF              E44
                         001612-00FFFF             E9EE
        EEDATA           310000-3103FF              400
        MEDIUMCONST      001612-00FFFF             E9EE
        RAM              000060-000E87              100
        SFR              000E8D-000FFF               73
        SMALLCONST       001612-00FFFF              100
        STACK            000060-000E87              E28

                                  Symbol Table

INT0_SetInterruptHandler@InterruptHandler   cstackCOMRAM 00004E
IOCAF1_SetInterruptHandler@InterruptHandler cstackCOMRAM 00004E
IOCAF2_SetInterruptHandler@InterruptHandler cstackCOMRAM 00004E
IOCAF3_SetInterruptHandler@InterruptHandler cstackCOMRAM 00004E
IOCAF4_SetInterruptHandler@InterruptHandler cstackCOMRAM 00004E
IOCCF0_SetInterruptHandler@InterruptHandler cstackCOMRAM 00004E
IOCCF1_SetInterruptHandler@InterruptHandler cstackCOMRAM 00004E
IOCCF2_SetInterruptHandler@InterruptHandler cstackCOMRAM 00004E
IOCCF3_SetInterruptHandler@InterruptHandler cstackCOMRAM 00004E
TMR2_SetInterruptHandler@InterruptHandler   cstackCOMRAM 00004E
_ANSELA                                     (abs)        000F11
_ANSELB                                     (abs)        000F19
_ANSELC                                     (abs)        000F21
_ANSELD                                     (abs)        000F26
_ANSELE                                     (abs)        000F2E
_EXT_INT_Initialize                         text16       001482
_INT0PPS                                    (abs)        000EA1
_INT0_CallBack                              text72       001416
_INT0_DefaultInterruptHandler               text73       001610
_INT0_ISR                                   text71       00156C
_INT0_InterruptHandler                      nvCOMRAM     00003B
_INT0_SetInterruptHandler                   text17       001544
_INTCONbits                                 (abs)        000FF2
_INTERRUPT_Initialize                       text15       0015E0
_INTERRUPT_InterruptManager                 intcode      000008
_IOCAF1_DefaultInterruptHandler             text70       00160E
_IOCAF1_ISR                                 text69       0013D4
_IOCAF1_InterruptHandler                    nvCOMRAM     000039
_IOCAF1_SetInterruptHandler                 text13       00153A
_IOCAF2_DefaultInterruptHandler             text68       00160C
_IOCAF2_ISR                                 text67       0013B0
_IOCAF2_InterruptHandler                    nvCOMRAM     000037
_IOCAF2_SetInterruptHandler                 text12       001530
_IOCAF3_DefaultInterruptHandler             text66       00160A
_IOCAF3_ISR                                 text65       00138C
_IOCAF3_InterruptHandler                    nvCOMRAM     000035
_IOCAF3_SetInterruptHandler                 text11       001526
_IOCAF4_DefaultInterruptHandler             text64       001608
_IOCAF4_ISR                                 text63       001368
_IOCAF4_InterruptHandler                    nvCOMRAM     000033
_IOCAF4_SetInterruptHandler                 text10       00151C
_IOCAFbits                                  (abs)        000F0A
_IOCANbits                                  (abs)        000F0B
_IOCAPbits                                  (abs)        000F0C
_IOCCF0_DefaultInterruptHandler             text62       001606
_IOCCF0_ISR                                 text61       001344
_IOCCF0_InterruptHandler                    nvCOMRAM     000031
_IOCCF0_SetInterruptHandler                 text9        001512
_IOCCF1_DefaultInterruptHandler             text60       001604
_IOCCF1_ISR                                 text59       001320
_IOCCF1_InterruptHandler                    nvCOMRAM     00002F
_IOCCF1_SetInterruptHandler                 text8        001508
_IOCCF2_DefaultInterruptHandler             text58       001602
_IOCCF2_ISR                                 text57       0012FC
_IOCCF2_InterruptHandler                    nvCOMRAM     00002D
_IOCCF2_SetInterruptHandler                 text7        0014FE
_IOCCF3_DefaultInterruptHandler             text56       001600
_IOCCF3_ISR                                 text55       0012D8
_IOCCF3_InterruptHandler                    nvCOMRAM     00002B
_IOCCF3_SetInterruptHandler                 text6        0014F4
_IOCCFbits                                  (abs)        000F1A
_IOCCNbits                                  (abs)        000F1B
_IOCCPbits                                  (abs)        000F1C
_LATA                                       (abs)        000F83
_LATB                                       (abs)        000F84
_LATC                                       (abs)        000F85
_LATD                                       (abs)        000F86
_LATE                                       (abs)        000F87
_MASTER_open                                (abs)        000000
_ODCONA                                     (abs)        000F0F
_ODCONB                                     (abs)        000F17
_ODCONC                                     (abs)        000F1F
_ODCOND                                     (abs)        000F24
_ODCONE                                     (abs)        000F2C
_OSCCON1                                    (abs)        000ED8
_OSCCON3                                    (abs)        000EDA
_OSCEN                                      (abs)        000EDC
_OSCFRQ                                     (abs)        000EDE
_OSCILLATOR_Initialize                      text14       00146A
_OSCTUNE                                    (abs)        000EDD
_PIE0bits                                   (abs)        000EC2
_PIE3bits                                   (abs)        000EC5
_PIE4bits                                   (abs)        000EC6
_PIN_MANAGER_IOC                            text54       001268
_PIN_MANAGER_Initialize                     text5        000F3E
_PIR0bits                                   (abs)        000ECA
_PIR3bits                                   (abs)        000ECD
_PIR4bits                                   (abs)        000ECE
_PMD0                                       (abs)        000EE1
_PMD1                                       (abs)        000EE2
_PMD2                                       (abs)        000EE3
_PMD3                                       (abs)        000EE4
_PMD4                                       (abs)        000EE5
_PMD5                                       (abs)        000EE6
_PMD_Initialize                             text4        001434
_PR2                                        (abs)        000FBC
_RB0PPS                                     (abs)        000EEF
_RB1PPS                                     (abs)        000EF0
_RB4PPS                                     (abs)        000EF3
_RB5PPS                                     (abs)        000EF4
_SLRCONA                                    (abs)        000F0E
_SLRCONB                                    (abs)        000F16
_SLRCONC                                    (abs)        000F1E
_SLRCOND                                    (abs)        000F23
_SLRCONE                                    (abs)        000F2B
_SSP1ADD                                    (abs)        000F93
_SSP1BUF                                    (abs)        000F92
_SSP1CLKPPS                                 (abs)        000EB7
_SSP1CON1                                   (abs)        000F96
_SSP1CON1bits                               (abs)        000F96
_SSP1CON2                                   (abs)        000F97
_SSP1CON2bits                               (abs)        000F97
_SSP1DATPPS                                 (abs)        000EB8
_SSP1MSK                                    (abs)        000F94
_SSP1STAT                                   (abs)        000F95
_SSP1STATbits                               (abs)        000F95
_SSP2ADD                                    (abs)        000E93
_SSP2BUF                                    (abs)        000E92
_SSP2CLKPPS                                 (abs)        000E8F
_SSP2CON1                                   (abs)        000E96
_SSP2CON1bits                               (abs)        000E96
_SSP2CON2                                   (abs)        000E97
_SSP2DATPPS                                 (abs)        000E90
_SSP2STAT                                   (abs)        000E95
_SYSTEM_Initialize                          text1        001450
_T2CLKCON                                   (abs)        000FBF
_T2CON                                      (abs)        000FBD
_T2CONbits                                  (abs)        000FBD
_T2HLT                                      (abs)        000FBE
_T2HLTbits                                  (abs)        000FBE
_T2PR                                       (abs)        000FBC
_T2RST                                      (abs)        000FC0
_T2RSTbits                                  (abs)        000FC0
_T2TMR                                      (abs)        000FBB
_TMR2                                       (abs)        000FBB
_TMR2_CallBack                              text52       0013F8
_TMR2_DefaultInterruptHandler               text53       0015FE
_TMR2_ISR                                   text51       001562
_TMR2_Initialize                            text2        0012AC
_TMR2_InterruptHandler                      nvCOMRAM     00003D
_TMR2_SetInterruptHandler                   text3        0014EA
_TRISA                                      (abs)        000F88
_TRISB                                      (abs)        000F89
_TRISBbits                                  (abs)        000F89
_TRISC                                      (abs)        000F8A
_TRISD                                      (abs)        000F8B
_TRISE                                      (abs)        000F8C
_WPUA                                       (abs)        000F10
_WPUB                                       (abs)        000F18
_WPUC                                       (abs)        000F20
_WPUD                                       (abs)        000F25
_WPUE                                       (abs)        000F2D
__CFG_BOREN$SBORDIS                         (abs)        000000
__CFG_BORV$VBOR_2P45                        (abs)        000000
__CFG_CLKOUTEN$ON                           (abs)        000000
__CFG_CP$OFF                                (abs)        000000
__CFG_CPD$OFF                               (abs)        000000
__CFG_CSWEN$ON                              (abs)        000000
__CFG_DEBUG$OFF                             (abs)        000000
__CFG_EBTR0$OFF                             (abs)        000000
__CFG_EBTR1$OFF                             (abs)        000000
__CFG_EBTR2$OFF                             (abs)        000000
__CFG_EBTR3$OFF                             (abs)        000000
__CFG_EBTRB$OFF                             (abs)        000000
__CFG_FCMEN$ON                              (abs)        000000
__CFG_FEXTOSC$OFF                           (abs)        000000
__CFG_LPBOREN$OFF                           (abs)        000000
__CFG_LVP$ON                                (abs)        000000
__CFG_MCLRE$EXTMCLR                         (abs)        000000
__CFG_PPS1WAY$ON                            (abs)        000000
__CFG_PWRTE$OFF                             (abs)        000000
__CFG_RSTOSC$HFINTOSC_64MHZ                 (abs)        000000
__CFG_SCANE$ON                              (abs)        000000
__CFG_STVREN$ON                             (abs)        000000
__CFG_WDTCCS$SC                             (abs)        000000
__CFG_WDTCPS$WDTCPS_31                      (abs)        000000
__CFG_WDTCWS$WDTCWS_7                       (abs)        000000
__CFG_WDTE$OFF                              (abs)        000000
__CFG_WRT0$OFF                              (abs)        000000
__CFG_WRT1$OFF                              (abs)        000000
__CFG_WRT2$OFF                              (abs)        000000
__CFG_WRT3$OFF                              (abs)        000000
__CFG_WRTB$OFF                              (abs)        000000
__CFG_WRTC$OFF                              (abs)        000000
__CFG_WRTD$OFF                              (abs)        000000
__CFG_XINST$OFF                             (abs)        000000
__CFG_ZCD$OFF                               (abs)        000000
__HRAM                                      (abs)        000000
__Habs1                                     abs1         000000
__Hbank0                                    bank0        000000
__Hbank1                                    bank1        000000
__Hbank10                                   bank10       000000
__Hbank11                                   bank11       000000
__Hbank12                                   bank12       000000
__Hbank13                                   bank13       000000
__Hbank14                                   bank14       000000
__Hbank2                                    bank2        000000
__Hbank3                                    bank3        000000
__Hbank4                                    bank4        000000
__Hbank5                                    bank5        000000
__Hbank6                                    bank6        000000
__Hbank7                                    bank7        000000
__Hbank8                                    bank8        000000
__Hbank9                                    bank9        000000
__Hbigbss                                   bigbss       000000
__Hbigdata                                  bigdata      000000
__Hbigram                                   bigram       000000
__Hbss                                      bss          000000
__HbssCOMRAM                                bssCOMRAM    000000
__Hcinit                                    cinit        000000
__Hclrtext                                  clrtext      000000
__Hcomram                                   comram       000000
__Hconfig                                   config       30000C
__Hconst                                    const        000000
__HcstackCOMRAM                             cstackCOMRAM 000000
__Hdata                                     data         000000
__Heeprom_data                              eeprom_data  000000
__Hfarbss                                   farbss       000000
__Hfardata                                  fardata      000000
__Hibigdata                                 ibigdata     000000
__Hidata                                    idata        000000
__Hidloc                                    idloc        200010
__Hifardata                                 ifardata     000000
__Hinit                                     init         0000BC
__Hintcode                                  intcode      0000B8
__Hintcode_body                             intcode_body 000000
__Hintcodelo                                intcodelo    0000B8
__Hintentry                                 intentry     000000
__Hintret                                   intret       000000
__Hintsave_regs                             intsave_regs 000000
__Hirdata                                   irdata       000000
__Hmediumconst                              mediumconst  000000
__HnvCOMRAM                                 nvCOMRAM     000000
__HnvFARRAM                                 nvFARRAM     000000
__Hnvbit                                    nvbit        000000
__Hnvrram                                   nvrram       000000
__Hparam                                    rparam       000000
__Hpowerup                                  powerup      0000B8
__Hram                                      ram          000000
__Hramtop                                   ramtop       000F00
__Hrbit                                     rbit         000000
__Hrbss                                     rbss         000000
__Hrdata                                    rdata        000000
__Hreset_vec                                reset_vec    000004
__Hrparam                                   rparam       000000
__Hsfr                                      sfr          000000
__Hsmallconst                               smallconst   000F3E
__Hspace_0                                  (abs)        30000C
__Hspace_1                                  (abs)        000051
__Hspace_2                                  (abs)        000000
__Hstack                                    stack        000000
__Hstruct                                   struct       000000
__Htemp                                     temp         000051
__Htext                                     text         000000
__Htext0                                    text0        000000
__Htext1                                    text1        000000
__Htext10                                   text10       000000
__Htext11                                   text11       000000
__Htext12                                   text12       000000
__Htext13                                   text13       000000
__Htext14                                   text14       000000
__Htext15                                   text15       000000
__Htext16                                   text16       000000
__Htext17                                   text17       000000
__Htext19                                   text19       000000
__Htext2                                    text2        000000
__Htext20                                   text20       000000
__Htext21                                   text21       000000
__Htext22                                   text22       000000
__Htext23                                   text23       000000
__Htext24                                   text24       000000
__Htext25                                   text25       000000
__Htext26                                   text26       000000
__Htext27                                   text27       000000
__Htext28                                   text28       000000
__Htext29                                   text29       000000
__Htext3                                    text3        000000
__Htext30                                   text30       000000
__Htext31                                   text31       000000
__Htext32                                   text32       000000
__Htext33                                   text33       000000
__Htext34                                   text34       000000
__Htext35                                   text35       000000
__Htext36                                   text36       000000
__Htext37                                   text37       000000
__Htext38                                   text38       000000
__Htext39                                   text39       000000
__Htext4                                    text4        000000
__Htext40                                   text40       000000
__Htext41                                   text41       000000
__Htext42                                   text42       000000
__Htext43                                   text43       000000
__Htext44                                   text44       000000
__Htext45                                   text45       000000
__Htext46                                   text46       000000
__Htext47                                   text47       000000
__Htext48                                   text48       000000
__Htext49                                   text49       000000
__Htext5                                    text5        000000
__Htext50                                   text50       000000
__Htext51                                   text51       000000
__Htext52                                   text52       000000
__Htext53                                   text53       000000
__Htext54                                   text54       000000
__Htext55                                   text55       000000
__Htext56                                   text56       000000
__Htext57                                   text57       000000
__Htext58                                   text58       000000
__Htext59                                   text59       000000
__Htext6                                    text6        000000
__Htext60                                   text60       000000
__Htext61                                   text61       000000
__Htext62                                   text62       000000
__Htext63                                   text63       000000
__Htext64                                   text64       000000
__Htext65                                   text65       000000
__Htext66                                   text66       000000
__Htext67                                   text67       000000
__Htext68                                   text68       000000
__Htext69                                   text69       000000
__Htext7                                    text7        000000
__Htext70                                   text70       000000
__Htext71                                   text71       000000
__Htext72                                   text72       000000
__Htext73                                   text73       000000
__Htext74                                   text74       000000
__Htext8                                    text8        000000
__Htext9                                    text9        000000
__LRAM                                      (abs)        000001
__Labs1                                     abs1         000000
__Lbank0                                    bank0        000000
__Lbank1                                    bank1        000000
__Lbank10                                   bank10       000000
__Lbank11                                   bank11       000000
__Lbank12                                   bank12       000000
__Lbank13                                   bank13       000000
__Lbank14                                   bank14       000000
__Lbank2                                    bank2        000000
__Lbank3                                    bank3        000000
__Lbank4                                    bank4        000000
__Lbank5                                    bank5        000000
__Lbank6                                    bank6        000000
__Lbank7                                    bank7        000000
__Lbank8                                    bank8        000000
__Lbank9                                    bank9        000000
__Lbigbss                                   bigbss       000000
__Lbigdata                                  bigdata      000000
__Lbigram                                   bigram       000000
__Lbss                                      bss          000000
__LbssCOMRAM                                bssCOMRAM    000000
__Lcinit                                    cinit        000000
__Lclrtext                                  clrtext      000000
__Lcomram                                   comram       000000
__Lconfig                                   config       300000
__Lconst                                    const        000000
__LcstackCOMRAM                             cstackCOMRAM 000000
__Ldata                                     data         000000
__Leeprom_data                              eeprom_data  000000
__Lfarbss                                   farbss       000000
__Lfardata                                  fardata      000000
__Libigdata                                 ibigdata     000000
__Lidata                                    idata        000000
__Lidloc                                    idloc        200000
__Lifardata                                 ifardata     000000
__Linit                                     init         0000B8
__Lintcode                                  intcode      000008
__Lintcode_body                             intcode_body 000000
__Lintcodelo                                intcodelo    0000B8
__Lintentry                                 intentry     000000
__Lintret                                   intret       000000
__Lintsave_regs                             intsave_regs 000000
__Lirdata                                   irdata       000000
__Lmediumconst                              mediumconst  000000
__LnvCOMRAM                                 nvCOMRAM     000000
__LnvFARRAM                                 nvFARRAM     000000
__Lnvbit                                    nvbit        000000
__Lnvrram                                   nvrram       000000
__Lparam                                    rparam       000000
__Lpowerup                                  powerup      0000B8
__Lram                                      ram          000000
__Lramtop                                   ramtop       000F00
__Lrbit                                     rbit         000000
__Lrbss                                     rbss         000000
__Lrdata                                    rdata        000000
__Lreset_vec                                reset_vec    000000
__Lrparam                                   rparam       000000
__Lsfr                                      sfr          000000
__Lsmallconst                               smallconst   000F00
__Lspace_0                                  (abs)        000000
__Lspace_1                                  (abs)        000000
__Lspace_2                                  (abs)        000000
__Lstack                                    stack        000000
__Lstruct                                   struct       000000
__Ltemp                                     temp         000050
__Ltext                                     text         000000
__Ltext0                                    text0        000000
__Ltext1                                    text1        000000
__Ltext10                                   text10       000000
__Ltext11                                   text11       000000
__Ltext12                                   text12       000000
__Ltext13                                   text13       000000
__Ltext14                                   text14       000000
__Ltext15                                   text15       000000
__Ltext16                                   text16       000000
__Ltext17                                   text17       000000
__Ltext19                                   text19       000000
__Ltext2                                    text2        000000
__Ltext20                                   text20       000000
__Ltext21                                   text21       000000
__Ltext22                                   text22       000000
__Ltext23                                   text23       000000
__Ltext24                                   text24       000000
__Ltext25                                   text25       000000
__Ltext26                                   text26       000000
__Ltext27                                   text27       000000
__Ltext28                                   text28       000000
__Ltext29                                   text29       000000
__Ltext3                                    text3        000000
__Ltext30                                   text30       000000
__Ltext31                                   text31       000000
__Ltext32                                   text32       000000
__Ltext33                                   text33       000000
__Ltext34                                   text34       000000
__Ltext35                                   text35       000000
__Ltext36                                   text36       000000
__Ltext37                                   text37       000000
__Ltext38                                   text38       000000
__Ltext39                                   text39       000000
__Ltext4                                    text4        000000
__Ltext40                                   text40       000000
__Ltext41                                   text41       000000
__Ltext42                                   text42       000000
__Ltext43                                   text43       000000
__Ltext44                                   text44       000000
__Ltext45                                   text45       000000
__Ltext46                                   text46       000000
__Ltext47                                   text47       000000
__Ltext48                                   text48       000000
__Ltext49                                   text49       000000
__Ltext5                                    text5        000000
__Ltext50                                   text50       000000
__Ltext51                                   text51       000000
__Ltext52                                   text52       000000
__Ltext53                                   text53       000000
__Ltext54                                   text54       000000
__Ltext55                                   text55       000000
__Ltext56                                   text56       000000
__Ltext57                                   text57       000000
__Ltext58                                   text58       000000
__Ltext59                                   text59       000000
__Ltext6                                    text6        000000
__Ltext60                                   text60       000000
__Ltext61                                   text61       000000
__Ltext62                                   text62       000000
__Ltext63                                   text63       000000
__Ltext64                                   text64       000000
__Ltext65                                   text65       000000
__Ltext66                                   text66       000000
__Ltext67                                   text67       000000
__Ltext68                                   text68       000000
__Ltext69                                   text69       000000
__Ltext7                                    text7        000000
__Ltext70                                   text70       000000
__Ltext71                                   text71       000000
__Ltext72                                   text72       000000
__Ltext73                                   text73       000000
__Ltext74                                   text74       000000
__Ltext8                                    text8        000000
__Ltext9                                    text9        000000
__S0                                        (abs)        30000C
__S1                                        (abs)        000051
__S2                                        (abs)        000000
___inthi_sp                                 stack        000000
___intlo_sp                                 stack        000000
___param_bank                               (abs)        000000
___rparam_used                              (abs)        000001
___sp                                       stack        000000
__accesstop                                 (abs)        000060
__activetblptr                              (abs)        000003
__end_of_EXT_INT_Initialize                 text16       00149A
__end_of_INT0_CallBack                      text72       001434
__end_of_INT0_DefaultInterruptHandler       text73       001612
__end_of_INT0_ISR                           text71       001576
__end_of_INT0_SetInterruptHandler           text17       00154E
__end_of_INTERRUPT_Initialize               text15       0015E4
__end_of_INTERRUPT_InterruptManager         intcode      0000B8
__end_of_IOCAF1_DefaultInterruptHandler     text70       001610
__end_of_IOCAF1_ISR                         text69       0013F8
__end_of_IOCAF1_SetInterruptHandler         text13       001544
__end_of_IOCAF2_DefaultInterruptHandler     text68       00160E
__end_of_IOCAF2_ISR                         text67       0013D4
__end_of_IOCAF2_SetInterruptHandler         text12       00153A
__end_of_IOCAF3_DefaultInterruptHandler     text66       00160C
__end_of_IOCAF3_ISR                         text65       0013B0
__end_of_IOCAF3_SetInterruptHandler         text11       001530
__end_of_IOCAF4_DefaultInterruptHandler     text64       00160A
__end_of_IOCAF4_ISR                         text63       00138C
__end_of_IOCAF4_SetInterruptHandler         text10       001526
__end_of_IOCCF0_DefaultInterruptHandler     text62       001608
__end_of_IOCCF0_ISR                         text61       001368
__end_of_IOCCF0_SetInterruptHandler         text9        00151C
__end_of_IOCCF1_DefaultInterruptHandler     text60       001606
__end_of_IOCCF1_ISR                         text59       001344
__end_of_IOCCF1_SetInterruptHandler         text8        001512
__end_of_IOCCF2_DefaultInterruptHandler     text58       001604
__end_of_IOCCF2_ISR                         text57       001320
__end_of_IOCCF2_SetInterruptHandler         text7        001508
__end_of_IOCCF3_DefaultInterruptHandler     text56       001602
__end_of_IOCCF3_ISR                         text55       0012FC
__end_of_IOCCF3_SetInterruptHandler         text6        0014FE
__end_of_OSCILLATOR_Initialize              text14       001482
__end_of_PIN_MANAGER_IOC                    text54       0012AC
__end_of_PIN_MANAGER_Initialize             text5        00106A
__end_of_PMD_Initialize                     text4        001450
__end_of_SYSTEM_Initialize                  text1        00146A
__end_of_TMR2_CallBack                      text52       001416
__end_of_TMR2_DefaultInterruptHandler       text53       001600
__end_of_TMR2_ISR                           text51       00156C
__end_of_TMR2_Initialize                    text2        0012D8
__end_of_TMR2_SetInterruptHandler           text3        0014F4
__end_of__initialization                    cinit        0014A6
__end_of_do_I2C_DO_ACK                      text28       00158E
__end_of_do_I2C_DO_ADDRESS_NACK             text25       001268
__end_of_do_I2C_DO_NACK_RESTART             text26       00157E
__end_of_do_I2C_DO_NACK_STOP                text27       001586
__end_of_do_I2C_IDLE                        text36       001562
__end_of_do_I2C_RCEN                        text29       001558
__end_of_do_I2C_RESET                       text37       0014EA
__end_of_do_I2C_RX                          text23       00116C
__end_of_do_I2C_SEND_ADR_READ               text31       0014DC
__end_of_do_I2C_SEND_ADR_WRITE              text30       0014CE
__end_of_do_I2C_SEND_RESTART                text33       00159E
__end_of_do_I2C_SEND_RESTART_READ           text35       0015AE
__end_of_do_I2C_SEND_RESTART_WRITE          text34       0015A6
__end_of_do_I2C_SEND_STOP                   text32       001596
__end_of_do_I2C_TX                          text24       0010F2
__end_of_do_I2C_TX_EMPTY                    text38       0011CA
__end_of_fsmStateTable                      smallconst   000F21
__end_of_i2c1_driver_TXData                 text41       0015B6
__end_of_i2c1_driver_clearBusCollision      text20       0015C8
__end_of_i2c1_driver_getRXData              text42       0015E8
__end_of_i2c1_driver_isNACK                 text40       0014C0
__end_of_i2c1_driver_resetBus               text44       0015FE
__end_of_i2c1_driver_restart                text49       0015FC
__end_of_i2c1_driver_sendACK                text50       0015E0
__end_of_i2c1_driver_sendNACK               text43       0015DA
__end_of_i2c1_driver_startRX                text45       0015EC
__end_of_i2c1_driver_stop                   text48       0015F8
__end_of_i2c_ISR                            text21       00121A
__end_of_i2c_busCollisionISR                text19       0015C2
__end_of_main                               text0        0015BC
__end_of_mssp1_clearIRQ                     text22       0015CE
__end_of_mssp1_setIRQ                       text39       0015D4
__end_of_returnReset                        text46       0015F0
__end_of_returnStop                         text47       0015F4
__end_of_spi2_configuration                 smallconst   000F3D
__end_of_spiMaster                          smallconst   000F35
__initialization                            cinit        00149A
__mediumconst                               mediumconst  000000
__pbssCOMRAM                                bssCOMRAM    000001
__pcinit                                    cinit        00149A
__pcstackCOMRAM                             cstackCOMRAM 00003F
__pintcode                                  intcode      000008
__pnvCOMRAM                                 nvCOMRAM     00002B
__psmallconst                               smallconst   000F00
__ptext0                                    text0        0015B6
__ptext1                                    text1        001450
__ptext10                                   text10       00151C
__ptext11                                   text11       001526
__ptext12                                   text12       001530
__ptext13                                   text13       00153A
__ptext14                                   text14       00146A
__ptext15                                   text15       0015E0
__ptext16                                   text16       001482
__ptext17                                   text17       001544
__ptext19                                   text19       0015BC
__ptext2                                    text2        0012AC
__ptext20                                   text20       0015C2
__ptext21                                   text21       0011CA
__ptext22                                   text22       0015C8
__ptext23                                   text23       0010F2
__ptext24                                   text24       00106A
__ptext25                                   text25       00121A
__ptext26                                   text26       001576
__ptext27                                   text27       00157E
__ptext28                                   text28       001586
__ptext29                                   text29       00154E
__ptext3                                    text3        0014EA
__ptext30                                   text30       0014C0
__ptext31                                   text31       0014CE
__ptext32                                   text32       00158E
__ptext33                                   text33       001596
__ptext34                                   text34       00159E
__ptext35                                   text35       0015A6
__ptext36                                   text36       001558
__ptext37                                   text37       0014DC
__ptext38                                   text38       00116C
__ptext39                                   text39       0015CE
__ptext4                                    text4        001434
__ptext40                                   text40       0014B0
__ptext41                                   text41       0015AE
__ptext42                                   text42       0015E4
__ptext43                                   text43       0015D4
__ptext44                                   text44       0015FC
__ptext45                                   text45       0015E8
__ptext46                                   text46       0015EC
__ptext47                                   text47       0015F0
__ptext48                                   text48       0015F4
__ptext49                                   text49       0015F8
__ptext5                                    text5        000F3E
__ptext50                                   text50       0015DA
__ptext51                                   text51       001562
__ptext52                                   text52       0013F8
__ptext53                                   text53       0015FE
__ptext54                                   text54       001268
__ptext55                                   text55       0012D8
__ptext56                                   text56       001600
__ptext57                                   text57       0012FC
__ptext58                                   text58       001602
__ptext59                                   text59       001320
__ptext6                                    text6        0014F4
__ptext60                                   text60       001604
__ptext61                                   text61       001344
__ptext62                                   text62       001606
__ptext63                                   text63       001368
__ptext64                                   text64       001608
__ptext65                                   text65       00138C
__ptext66                                   text66       00160A
__ptext67                                   text67       0013B0
__ptext68                                   text68       00160C
__ptext69                                   text69       0013D4
__ptext7                                    text7        0014FE
__ptext70                                   text70       00160E
__ptext71                                   text71       00156C
__ptext72                                   text72       001416
__ptext73                                   text73       001610
__ptext74                                   text74       000000
__ptext8                                    text8        001508
__ptext9                                    text9        001512
__ramtop                                    ramtop       000F00
__size_of_EXT_INT_Initialize                (abs)        000000
__size_of_INT0_CallBack                     (abs)        000000
__size_of_INT0_DefaultInterruptHandler      (abs)        000000
__size_of_INT0_ISR                          (abs)        000000
__size_of_INT0_SetInterruptHandler          (abs)        000000
__size_of_INTERRUPT_Initialize              (abs)        000000
__size_of_INTERRUPT_InterruptManager        (abs)        000000
__size_of_IOCAF1_DefaultInterruptHandler    (abs)        000000
__size_of_IOCAF1_ISR                        (abs)        000000
__size_of_IOCAF1_SetInterruptHandler        (abs)        000000
__size_of_IOCAF2_DefaultInterruptHandler    (abs)        000000
__size_of_IOCAF2_ISR                        (abs)        000000
__size_of_IOCAF2_SetInterruptHandler        (abs)        000000
__size_of_IOCAF3_DefaultInterruptHandler    (abs)        000000
__size_of_IOCAF3_ISR                        (abs)        000000
__size_of_IOCAF3_SetInterruptHandler        (abs)        000000
__size_of_IOCAF4_DefaultInterruptHandler    (abs)        000000
__size_of_IOCAF4_ISR                        (abs)        000000
__size_of_IOCAF4_SetInterruptHandler        (abs)        000000
__size_of_IOCCF0_DefaultInterruptHandler    (abs)        000000
__size_of_IOCCF0_ISR                        (abs)        000000
__size_of_IOCCF0_SetInterruptHandler        (abs)        000000
__size_of_IOCCF1_DefaultInterruptHandler    (abs)        000000
__size_of_IOCCF1_ISR                        (abs)        000000
__size_of_IOCCF1_SetInterruptHandler        (abs)        000000
__size_of_IOCCF2_DefaultInterruptHandler    (abs)        000000
__size_of_IOCCF2_ISR                        (abs)        000000
__size_of_IOCCF2_SetInterruptHandler        (abs)        000000
__size_of_IOCCF3_DefaultInterruptHandler    (abs)        000000
__size_of_IOCCF3_ISR                        (abs)        000000
__size_of_IOCCF3_SetInterruptHandler        (abs)        000000
__size_of_OSCILLATOR_Initialize             (abs)        000000
__size_of_PIN_MANAGER_IOC                   (abs)        000000
__size_of_PIN_MANAGER_Initialize            (abs)        000000
__size_of_PMD_Initialize                    (abs)        000000
__size_of_SYSTEM_Initialize                 (abs)        000000
__size_of_TMR2_CallBack                     (abs)        000000
__size_of_TMR2_DefaultInterruptHandler      (abs)        000000
__size_of_TMR2_ISR                          (abs)        000000
__size_of_TMR2_Initialize                   (abs)        000000
__size_of_TMR2_SetInterruptHandler          (abs)        000000
__size_of_do_I2C_DO_ACK                     (abs)        000000
__size_of_do_I2C_DO_ADDRESS_NACK            (abs)        000000
__size_of_do_I2C_DO_NACK_RESTART            (abs)        000000
__size_of_do_I2C_DO_NACK_STOP               (abs)        000000
__size_of_do_I2C_IDLE                       (abs)        000000
__size_of_do_I2C_RCEN                       (abs)        000000
__size_of_do_I2C_RESET                      (abs)        000000
__size_of_do_I2C_RX                         (abs)        000000
__size_of_do_I2C_SEND_ADR_READ              (abs)        000000
__size_of_do_I2C_SEND_ADR_WRITE             (abs)        000000
__size_of_do_I2C_SEND_RESTART               (abs)        000000
__size_of_do_I2C_SEND_RESTART_READ          (abs)        000000
__size_of_do_I2C_SEND_RESTART_WRITE         (abs)        000000
__size_of_do_I2C_SEND_STOP                  (abs)        000000
__size_of_do_I2C_TX                         (abs)        000000
__size_of_do_I2C_TX_EMPTY                   (abs)        000000
__size_of_i2c1_driver_TXData                (abs)        000000
__size_of_i2c1_driver_clearBusCollision     (abs)        000000
__size_of_i2c1_driver_getRXData             (abs)        000000
__size_of_i2c1_driver_isNACK                (abs)        000000
__size_of_i2c1_driver_resetBus              (abs)        000000
__size_of_i2c1_driver_restart               (abs)        000000
__size_of_i2c1_driver_sendACK               (abs)        000000
__size_of_i2c1_driver_sendNACK              (abs)        000000
__size_of_i2c1_driver_startRX               (abs)        000000
__size_of_i2c1_driver_stop                  (abs)        000000
__size_of_i2c_ISR                           (abs)        000000
__size_of_i2c_busCollisionISR               (abs)        000000
__size_of_main                              (abs)        000000
__size_of_mssp1_clearIRQ                    (abs)        000000
__size_of_mssp1_setIRQ                      (abs)        000000
__size_of_returnReset                       (abs)        000000
__size_of_returnStop                        (abs)        000000
__smallconst                                smallconst   000F00
_do_I2C_DO_ACK                              text28       001586
_do_I2C_DO_ADDRESS_NACK                     text25       00121A
_do_I2C_DO_NACK_RESTART                     text26       001576
_do_I2C_DO_NACK_STOP                        text27       00157E
_do_I2C_IDLE                                text36       001558
_do_I2C_RCEN                                text29       00154E
_do_I2C_RESET                               text37       0014DC
_do_I2C_RX                                  text23       0010F2
_do_I2C_SEND_ADR_READ                       text31       0014CE
_do_I2C_SEND_ADR_WRITE                      text30       0014C0
_do_I2C_SEND_RESTART                        text33       001596
_do_I2C_SEND_RESTART_READ                   text35       0015A6
_do_I2C_SEND_RESTART_WRITE                  text34       00159E
_do_I2C_SEND_STOP                           text32       00158E
_do_I2C_TX                                  text24       00106A
_do_I2C_TX_EMPTY                            text38       00116C
_fsmStateTable                              smallconst   000F01
_i2c1_driver_TXData                         text41       0015AE
_i2c1_driver_busCollisionISR                bssCOMRAM    000029
_i2c1_driver_clearBusCollision              text20       0015C2
_i2c1_driver_getRXData                      text42       0015E4
_i2c1_driver_i2cISR                         bssCOMRAM    000027
_i2c1_driver_isNACK                         text40       0014B0
_i2c1_driver_resetBus                       text44       0015FC
_i2c1_driver_restart                        text49       0015F8
_i2c1_driver_sendACK                        text50       0015DA
_i2c1_driver_sendNACK                       text43       0015D4
_i2c1_driver_startRX                        text45       0015E8
_i2c1_driver_stop                           text48       0015F4
_i2c_ISR                                    text21       0011CA
_i2c_busCollisionISR                        text19       0015BC
_i2c_status                                 bssCOMRAM    000001
_main                                       text0        0015B6
_mssp1_clearIRQ                             text22       0015C8
_mssp1_setIRQ                               text39       0015CE
_returnReset                                text46       0015EC
_returnStop                                 text47       0015F0
_spi2_close                                 (abs)        000000
_spi2_configuration                         smallconst   000F35
_spi2_exchangeBlock                         (abs)        000000
_spi2_exchangeByte                          (abs)        000000
_spi2_interruptHandler                      bssCOMRAM    000025
_spi2_isr                                   (abs)        000000
_spi2_readBlock                             (abs)        000000
_spi2_readByte                              (abs)        000000
_spi2_setSpiISR                             (abs)        000000
_spi2_writeBlock                            (abs)        000000
_spi2_writeByte                             (abs)        000000
_spiMaster                                  smallconst   000F21
btemp                                       temp         000050
end_of_initialization                       cinit        0014A6
i2c1_driver_TXData@d                        cstackCOMRAM 00003F
int$flags                                   temp         000050
intlevel0                                   text         000000
intlevel1                                   text         000000
intlevel2                                   text         000000
intlevel3                                   text         000000
returnReset@p                               cstackCOMRAM 00003F
stackhi                                     (abs)        000E87
stacklo                                     (abs)        000060
start                                       init         0000B8
start_initialization                        cinit        00149A
ttemp5                                      temp         000051
ttemp6                                      temp         000054
ttemp7                                      temp         000058
wtemp8                                      temp         000051


FUNCTION INFORMATION:

 *************** function _main *****************
 Defined at:
		line 13 in file "main.c"
 Parameters:    Size  Location     Type
		None
 Auto vars:     Size  Location     Type
		None
 Return value:  Size  Location     Type
                  1    wreg      void 
 Registers used:
		wreg, status,2, status,0, cstack
 Tracked objects:
		On entry : 
		On exit  : 
		Unchanged: 
 Data sizes:     COMRAM   BANK0   BANK1   BANK2   BANK3   BANK4   BANK5   BANK6   BANK7   BANK8   BANK9  BANK10  BANK11  BANK12  BANK13  BANK14
      Params:         0       0       0       0       0       0       0       0       0       0       0       0       0       0       0       0
      Locals:         0       0       0       0       0       0       0       0       0       0       0       0       0       0       0       0
      Temps:          0       0       0       0       0       0       0       0       0       0       0       0       0       0       0       0
      Totals:         0       0       0       0       0       0       0       0       0       0       0       0       0       0       0       0
Total ram usage:        0 bytes
 Hardware stack levels required when called:    8
 This function calls:
		_SYSTEM_Initialize
 This function is called by:
		Startup code after reset
 This function uses a non-reentrant model


 *************** function _SYSTEM_Initialize *****************
 Defined at:
		line 50 in file "mcc_generated_files/mcc.c"
 Parameters:    Size  Location     Type
		None
 Auto vars:     Size  Location     Type
		None
 Return value:  Size  Location     Type
                  1    wreg      void 
 Registers used:
		wreg, status,2, status,0, cstack
 Tracked objects:
		On entry : 
		On exit  : 
		Unchanged: 
 Data sizes:     COMRAM   BANK0   BANK1   BANK2   BANK3   BANK4   BANK5   BANK6   BANK7   BANK8   BANK9  BANK10  BANK11  BANK12  BANK13  BANK14
      Params:         0       0       0       0       0       0       0       0       0       0       0       0       0       0       0       0
      Locals:         0       0       0       0       0       0       0       0       0       0       0       0       0       0       0       0
      Temps:          0       0       0       0       0       0       0       0       0       0       0       0       0       0       0       0
      Totals:         0       0       0       0       0       0       0       0       0       0       0       0       0       0       0       0
Total ram usage:        0 bytes
 Hardware stack levels used:    1
 Hardware stack levels required when called:    7
 This function calls:
		_EXT_INT_Initialize
		_INTERRUPT_Initialize
		_OSCILLATOR_Initialize
		_PIN_MANAGER_Initialize
		_PMD_Initialize
		_TMR2_Initialize
 This function is called by:
		_main
 This function uses a non-reentrant model


 *************** function _TMR2_Initialize *****************
 Defined at:
		line 64 in file "mcc_generated_files/tmr2.c"
 Parameters:    Size  Location     Type
		None
 Auto vars:     Size  Location     Type
		None
 Return value:  Size  Location     Type
                  1    wreg      void 
 Registers used:
		wreg, status,2, status,0, cstack
 Tracked objects:
		On entry : 
		On exit  : 
		Unchanged: 
 Data sizes:     COMRAM   BANK0   BANK1   BANK2   BANK3   BANK4   BANK5   BANK6   BANK7   BANK8   BANK9  BANK10  BANK11  BANK12  BANK13  BANK14
      Params:         0       0       0       0       0       0       0       0       0       0       0       0       0       0       0       0
      Locals:         0       0       0       0       0       0       0       0       0       0       0       0       0       0       0       0
      Temps:          0       0       0       0       0       0       0       0       0       0       0       0       0       0       0       0
      Totals:         0       0       0       0       0       0       0       0       0       0       0       0       0       0       0       0
Total ram usage:        0 bytes
 Hardware stack levels used:    1
 Hardware stack levels required when called:    6
 This function calls:
		_TMR2_SetInterruptHandler
 This function is called by:
		_SYSTEM_Initialize
 This function uses a non-reentrant model


 *************** function _TMR2_SetInterruptHandler *****************
 Defined at:
		line 186 in file "mcc_generated_files/tmr2.c"
 Parameters:    Size  Location     Type
  InterruptHan    2   15[COMRAM] PTR FTN()void 
		 -> TMR2_DefaultInterruptHandler(1), 
 Auto vars:     Size  Location     Type
		None
 Return value:  Size  Location     Type
                  1    wreg      void 
 Registers used:
		wreg, status,2, status,0
 Tracked objects:
		On entry : 
		On exit  : 
		Unchanged: 
 Data sizes:     COMRAM   BANK0   BANK1   BANK2   BANK3   BANK4   BANK5   BANK6   BANK7   BANK8   BANK9  BANK10  BANK11  BANK12  BANK13  BANK14
      Params:         2       0       0       0       0       0       0       0       0       0       0       0       0       0       0       0
      Locals:         0       0       0       0       0       0       0       0       0       0       0       0       0       0       0       0
      Temps:          0       0       0       0       0       0       0       0       0       0       0       0       0       0       0       0
      Totals:         2       0       0       0       0       0       0       0       0       0       0       0       0       0       0       0
Total ram usage:        2 bytes
 Hardware stack levels used:    1
 Hardware stack levels required when called:    5
 This function calls:
		Nothing
 This function is called by:
		_TMR2_Initialize
 This function uses a non-reentrant model


 *************** function _PMD_Initialize *****************
 Defined at:
		line 74 in file "mcc_generated_files/mcc.c"
 Parameters:    Size  Location     Type
		None
 Auto vars:     Size  Location     Type
		None
 Return value:  Size  Location     Type
                  1    wreg      void 
 Registers used:
		wreg, status,2
 Tracked objects:
		On entry : 
		On exit  : 
		Unchanged: 
 Data sizes:     COMRAM   BANK0   BANK1   BANK2   BANK3   BANK4   BANK5   BANK6   BANK7   BANK8   BANK9  BANK10  BANK11  BANK12  BANK13  BANK14
      Params:         0       0       0       0       0       0       0       0       0       0       0       0       0       0       0       0
      Locals:         0       0       0       0       0       0       0       0       0       0       0       0       0       0       0       0
      Temps:          0       0       0       0       0       0       0       0       0       0       0       0       0       0       0       0
      Totals:         0       0       0       0       0       0       0       0       0       0       0       0       0       0       0       0
Total ram usage:        0 bytes
 Hardware stack levels used:    1
 Hardware stack levels required when called:    5
 This function calls:
		Nothing
 This function is called by:
		_SYSTEM_Initialize
 This function uses a non-reentrant model


 *************** function _PIN_MANAGER_Initialize *****************
 Defined at:
		line 64 in file "mcc_generated_files/pin_manager.c"
 Parameters:    Size  Location     Type
		None
 Auto vars:     Size  Location     Type
		None
 Return value:  Size  Location     Type
                  1    wreg      void 
 Registers used:
		wreg, status,2, status,0, cstack
 Tracked objects:
		On entry : 
		On exit  : 
		Unchanged: 
 Data sizes:     COMRAM   BANK0   BANK1   BANK2   BANK3   BANK4   BANK5   BANK6   BANK7   BANK8   BANK9  BANK10  BANK11  BANK12  BANK13  BANK14
      Params:         0       0       0       0       0       0       0       0       0       0       0       0       0       0       0       0
      Locals:         0       0       0       0       0       0       0       0       0       0       0       0       0       0       0       0
      Temps:          0       0       0       0       0       0       0       0       0       0       0       0       0       0       0       0
      Totals:         0       0       0       0       0       0       0       0       0       0       0       0       0       0       0       0
Total ram usage:        0 bytes
 Hardware stack levels used:    1
 Hardware stack levels required when called:    6
 This function calls:
		_IOCAF1_SetInterruptHandler
		_IOCAF2_SetInterruptHandler
		_IOCAF3_SetInterruptHandler
		_IOCAF4_SetInterruptHandler
		_IOCCF0_SetInterruptHandler
		_IOCCF1_SetInterruptHandler
[...]
      Params:         0       0       0       0       0       0       0       0       0       0       0       0       0       0       0       0
      Locals:         0       0       0       0       0       0       0       0       0       0       0       0       0       0       0       0
      Temps:          0       0       0       0       0       0       0       0       0       0       0       0       0       0       0       0
      Totals:         0       0       0       0       0       0       0       0       0       0       0       0       0       0       0       0
Total ram usage:        0 bytes
 Hardware stack levels used:    1
 Hardware stack levels required when called:    1
 This function calls:
		Absolute function
		_IOCAF4_DefaultInterruptHandler
 This function is called by:
		_PIN_MANAGER_IOC
 This function uses a non-reentrant model


 *************** function _IOCAF4_DefaultInterruptHandler *****************
 Defined at:
		line 359 in file "mcc_generated_files/pin_manager.c"
 Parameters:    Size  Location     Type
		None
 Auto vars:     Size  Location     Type
		None
 Return value:  Size  Location     Type
                  1    wreg      void 
 Registers used:
		None
 Tracked objects:
		On entry : 
		On exit  : 
		Unchanged: 
 Data sizes:     COMRAM   BANK0   BANK1   BANK2   BANK3   BANK4   BANK5   BANK6   BANK7   BANK8   BANK9  BANK10  BANK11  BANK12  BANK13  BANK14
      Params:         0       0       0       0       0       0       0       0       0       0       0       0       0       0       0       0
      Locals:         0       0       0       0       0       0       0       0       0       0       0       0       0       0       0       0
      Temps:          0       0       0       0       0       0       0       0       0       0       0       0       0       0       0       0
      Totals:         0       0       0       0       0       0       0       0       0       0       0       0       0       0       0       0
Total ram usage:        0 bytes
 Hardware stack levels used:    1
 This function calls:
		Nothing
 This function is called by:
		_PIN_MANAGER_Initialize
		_IOCAF4_ISR
 This function uses a non-reentrant model


 *************** function _IOCAF3_ISR *****************
 Defined at:
		line 307 in file "mcc_generated_files/pin_manager.c"
 Parameters:    Size  Location     Type
		None
 Auto vars:     Size  Location     Type
		None
 Return value:  Size  Location     Type
                  1    wreg      void 
 Registers used:
		wreg, status,2, status,0, pclath, tosl, cstack
 Tracked objects:
		On entry : 
		On exit  : 
		Unchanged: 
 Data sizes:     COMRAM   BANK0   BANK1   BANK2   BANK3   BANK4   BANK5   BANK6   BANK7   BANK8   BANK9  BANK10  BANK11  BANK12  BANK13  BANK14
      Params:         0       0       0       0       0       0       0       0       0       0       0       0       0       0       0       0
      Locals:         0       0       0       0       0       0       0       0       0       0       0       0       0       0       0       0
      Temps:          0       0       0       0       0       0       0       0       0       0       0       0       0       0       0       0
      Totals:         0       0       0       0       0       0       0       0       0       0       0       0       0       0       0       0
Total ram usage:        0 bytes
 Hardware stack levels used:    1
 Hardware stack levels required when called:    1
 This function calls:
		Absolute function
		_IOCAF3_DefaultInterruptHandler
 This function is called by:
		_PIN_MANAGER_IOC
 This function uses a non-reentrant model


 *************** function _IOCAF3_DefaultInterruptHandler *****************
 Defined at:
		line 329 in file "mcc_generated_files/pin_manager.c"
 Parameters:    Size  Location     Type
		None
 Auto vars:     Size  Location     Type
		None
 Return value:  Size  Location     Type
                  1    wreg      void 
 Registers used:
		None
 Tracked objects:
		On entry : 
		On exit  : 
		Unchanged: 
 Data sizes:     COMRAM   BANK0   BANK1   BANK2   BANK3   BANK4   BANK5   BANK6   BANK7   BANK8   BANK9  BANK10  BANK11  BANK12  BANK13  BANK14
      Params:         0       0       0       0       0       0       0       0       0       0       0       0       0       0       0       0
      Locals:         0       0       0       0       0       0       0       0       0       0       0       0       0       0       0       0
      Temps:          0       0       0       0       0       0       0       0       0       0       0       0       0       0       0       0
      Totals:         0       0       0       0       0       0       0       0       0       0       0       0       0       0       0       0
Total ram usage:        0 bytes
 Hardware stack levels used:    1
 This function calls:
		Nothing
 This function is called by:
		_PIN_MANAGER_Initialize
		_IOCAF3_ISR
 This function uses a non-reentrant model


 *************** function _IOCAF2_ISR *****************
 Defined at:
		line 277 in file "mcc_generated_files/pin_manager.c"
 Parameters:    Size  Location     Type
		None
 Auto vars:     Size  Location     Type
		None
 Return value:  Size  Location     Type
                  1    wreg      void 
 Registers used:
		wreg, status,2, status,0, pclath, tosl, cstack
 Tracked objects:
		On entry : 
		On exit  : 
		Unchanged: 
 Data sizes:     COMRAM   BANK0   BANK1   BANK2   BANK3   BANK4   BANK5   BANK6   BANK7   BANK8   BANK9  BANK10  BANK11  BANK12  BANK13  BANK14
      Params:         0       0       0       0       0       0       0       0       0       0       0       0       0       0       0       0
      Locals:         0       0       0       0       0       0       0       0       0       0       0       0       0       0       0       0
      Temps:          0       0       0       0       0       0       0       0       0       0       0       0       0       0       0       0
      Totals:         0       0       0       0       0       0       0       0       0       0       0       0       0       0       0       0
Total ram usage:        0 bytes
 Hardware stack levels used:    1
 Hardware stack levels required when called:    1
 This function calls:
		Absolute function
		_IOCAF2_DefaultInterruptHandler
 This function is called by:
		_PIN_MANAGER_IOC
 This function uses a non-reentrant model


 *************** function _IOCAF2_DefaultInterruptHandler *****************
 Defined at:
		line 299 in file "mcc_generated_files/pin_manager.c"
 Parameters:    Size  Location     Type
		None
 Auto vars:     Size  Location     Type
		None
 Return value:  Size  Location     Type
                  1    wreg      void 
 Registers used:
		None
 Tracked objects:
		On entry : 
		On exit  : 
		Unchanged: 
 Data sizes:     COMRAM   BANK0   BANK1   BANK2   BANK3   BANK4   BANK5   BANK6   BANK7   BANK8   BANK9  BANK10  BANK11  BANK12  BANK13  BANK14
      Params:         0       0       0       0       0       0       0       0       0       0       0       0       0       0       0       0
      Locals:         0       0       0       0       0       0       0       0       0       0       0       0       0       0       0       0
      Temps:          0       0       0       0       0       0       0       0       0       0       0       0       0       0       0       0
      Totals:         0       0       0       0       0       0       0       0       0       0       0       0       0       0       0       0
Total ram usage:        0 bytes
 Hardware stack levels used:    1
 This function calls:
		Nothing
 This function is called by:
		_PIN_MANAGER_Initialize
		_IOCAF2_ISR
 This function uses a non-reentrant model


 *************** function _IOCAF1_ISR *****************
 Defined at:
		line 247 in file "mcc_generated_files/pin_manager.c"
 Parameters:    Size  Location     Type
		None
 Auto vars:     Size  Location     Type
		None
 Return value:  Size  Location     Type
                  1    wreg      void 
 Registers used:
		wreg, status,2, status,0, pclath, tosl, cstack
 Tracked objects:
		On entry : 
		On exit  : 
		Unchanged: 
 Data sizes:     COMRAM   BANK0   BANK1   BANK2   BANK3   BANK4   BANK5   BANK6   BANK7   BANK8   BANK9  BANK10  BANK11  BANK12  BANK13  BANK14
      Params:         0       0       0       0       0       0       0       0       0       0       0       0       0       0       0       0
      Locals:         0       0       0       0       0       0       0       0       0       0       0       0       0       0       0       0
      Temps:          0       0       0       0       0       0       0       0       0       0       0       0       0       0       0       0
      Totals:         0       0       0       0       0       0       0       0       0       0       0       0       0       0       0       0
Total ram usage:        0 bytes
 Hardware stack levels used:    1
 Hardware stack levels required when called:    1
 This function calls:
		Absolute function
		_IOCAF1_DefaultInterruptHandler
 This function is called by:
		_PIN_MANAGER_IOC
 This function uses a non-reentrant model


 *************** function _IOCAF1_DefaultInterruptHandler *****************
 Defined at:
		line 269 in file "mcc_generated_files/pin_manager.c"
 Parameters:    Size  Location     Type
		None
 Auto vars:     Size  Location     Type
		None
 Return value:  Size  Location     Type
                  1    wreg      void 
 Registers used:
		None
 Tracked objects:
		On entry : 
		On exit  : 
		Unchanged: 
 Data sizes:     COMRAM   BANK0   BANK1   BANK2   BANK3   BANK4   BANK5   BANK6   BANK7   BANK8   BANK9  BANK10  BANK11  BANK12  BANK13  BANK14
      Params:         0       0       0       0       0       0       0       0       0       0       0       0       0       0       0       0
      Locals:         0       0       0       0       0       0       0       0       0       0       0       0       0       0       0       0
      Temps:          0       0       0       0       0       0       0       0       0       0       0       0       0       0       0       0
      Totals:         0       0       0       0       0       0       0       0       0       0       0       0       0       0       0       0
Total ram usage:        0 bytes
 Hardware stack levels used:    1
 This function calls:
		Nothing
 This function is called by:
		_PIN_MANAGER_Initialize
		_IOCAF1_ISR
 This function uses a non-reentrant model


 *************** function _INT0_ISR *****************
 Defined at:
		line 32 in file "mcc_generated_files/ext_int.c"
 Parameters:    Size  Location     Type
		None
 Auto vars:     Size  Location     Type
		None
 Return value:  Size  Location     Type
                  1    wreg      void 
 Registers used:
		wreg, status,2, status,0, pclath, tosl, cstack
 Tracked objects:
		On entry : 
		On exit  : 
		Unchanged: 
 Data sizes:     COMRAM   BANK0   BANK1   BANK2   BANK3   BANK4   BANK5   BANK6   BANK7   BANK8   BANK9  BANK10  BANK11  BANK12  BANK13  BANK14
      Params:         0       0       0       0       0       0       0       0       0       0       0       0       0       0       0       0
      Locals:         0       0       0       0       0       0       0       0       0       0       0       0       0       0       0       0
      Temps:          0       0       0       0       0       0       0       0       0       0       0       0       0       0       0       0
      Totals:         0       0       0       0       0       0       0       0       0       0       0       0       0       0       0       0
Total ram usage:        0 bytes
 Hardware stack levels used:    1
 Hardware stack levels required when called:    2
 This function calls:
		_INT0_CallBack
 This function is called by:
		_INTERRUPT_InterruptManager
 This function uses a non-reentrant model


 *************** function _INT0_CallBack *****************
 Defined at:
		line 41 in file "mcc_generated_files/ext_int.c"
 Parameters:    Size  Location     Type
		None
 Auto vars:     Size  Location     Type
		None
 Return value:  Size  Location     Type
                  1    wreg      void 
 Registers used:
		wreg, status,2, status,0, pclath, tosl, cstack
 Tracked objects:
		On entry : 
		On exit  : 
		Unchanged: 
 Data sizes:     COMRAM   BANK0   BANK1   BANK2   BANK3   BANK4   BANK5   BANK6   BANK7   BANK8   BANK9  BANK10  BANK11  BANK12  BANK13  BANK14
      Params:         0       0       0       0       0       0       0       0       0       0       0       0       0       0       0       0
      Locals:         0       0       0       0       0       0       0       0       0       0       0       0       0       0       0       0
      Temps:          0       0       0       0       0       0       0       0       0       0       0       0       0       0       0       0
      Totals:         0       0       0       0       0       0       0       0       0       0       0       0       0       0       0       0
Total ram usage:        0 bytes
 Hardware stack levels used:    1
 Hardware stack levels required when called:    1
 This function calls:
		Absolute function
		_INT0_DefaultInterruptHandler
 This function is called by:
		_INT0_ISR
 This function uses a non-reentrant model


 *************** function _INT0_DefaultInterruptHandler *****************
 Defined at:
		line 54 in file "mcc_generated_files/ext_int.c"
 Parameters:    Size  Location     Type
		None
 Auto vars:     Size  Location     Type
		None
 Return value:  Size  Location     Type
                  1    wreg      void 
 Registers used:
		None
 Tracked objects:
		On entry : 
		On exit  : 
		Unchanged: 
 Data sizes:     COMRAM   BANK0   BANK1   BANK2   BANK3   BANK4   BANK5   BANK6   BANK7   BANK8   BANK9  BANK10  BANK11  BANK12  BANK13  BANK14
      Params:         0       0       0       0       0       0       0       0       0       0       0       0       0       0       0       0
      Locals:         0       0       0       0       0       0       0       0       0       0       0       0       0       0       0       0
      Temps:          0       0       0       0       0       0       0       0       0       0       0       0       0       0       0       0
      Totals:         0       0       0       0       0       0       0       0       0       0       0       0       0       0       0       0
Total ram usage:        0 bytes
 Hardware stack levels used:    1
 This function calls:
		Nothing
 This function is called by:
		_EXT_INT_Initialize
		_INT0_CallBack
 This function uses a non-reentrant model



MODULE INFORMATION

Module		Function		Class		Link	Load	Size
mcc_generated_files/tmr2.c
		_TMR2_ISR      		CODE           	1562	0000	11
		_TMR2_Initialize		CODE           	12AC	0000	45
		_TMR2_SetInterruptHandler		CODE           	14EA	0000	11
		_TMR2_DefaultInterruptHandler		CODE           	15FE	0000	3
		_TMR2_CallBack 		CODE           	13F8	0000	31

mcc_generated_files/tmr2.c estimated size: 101

mcc_generated_files/interrupt_manager.c
		_INTERRUPT_Initialize		CODE           	15E0	0000	5
		_INTERRUPT_InterruptManager		CODE           	0008	0000	177

mcc_generated_files/interrupt_manager.c estimated size: 182

mcc_generated_files/pin_manager.c
		_IOCCF0_DefaultInterruptHandler		CODE           	1606	0000	3
		_PIN_MANAGER_Initialize		CODE           	0F3E	0000	301
		_IOCCF3_DefaultInterruptHandler		CODE           	1600	0000	3
		_IOCCF0_ISR    		CODE           	1344	0000	37
		_IOCCF3_ISR    		CODE           	12D8	0000	37
		_IOCCF2_SetInterruptHandler		CODE           	14FE	0000	11
		_IOCAF1_DefaultInterruptHandler		CODE           	160E	0000	3
		_IOCAF4_DefaultInterruptHandler		CODE           	1608	0000	3
		_IOCAF1_ISR    		CODE           	13D4	0000	37
		_IOCAF4_ISR    		CODE           	1368	0000	37
		_IOCAF3_SetInterruptHandler		CODE           	1526	0000	11
		_IOCCF1_DefaultInterruptHandler		CODE           	1604	0000	3
		_IOCCF1_ISR    		CODE           	1320	0000	37
		_IOCCF0_SetInterruptHandler		CODE           	1512	0000	11
		_IOCCF3_SetInterruptHandler		CODE           	14F4	0000	11
		_IOCAF2_DefaultInterruptHandler		CODE           	160C	0000	3
		_IOCAF2_ISR    		CODE           	13B0	0000	37
		_IOCAF1_SetInterruptHandler		CODE           	153A	0000	11
		_PIN_MANAGER_IOC		CODE           	1268	0000	69
		_IOCAF4_SetInterruptHandler		CODE           	151C	0000	11
		_IOCCF2_DefaultInterruptHandler		CODE           	1602	0000	3
		_IOCCF2_ISR    		CODE           	12FC	0000	37
		_IOCCF1_SetInterruptHandler		CODE           	1508	0000	11
		_IOCAF3_DefaultInterruptHandler		CODE           	160A	0000	3
		_IOCAF3_ISR    		CODE           	138C	0000	37
		_IOCAF2_SetInterruptHandler		CODE           	1530	0000	11

mcc_generated_files/pin_manager.c estimated size: 778

mcc_generated_files/ext_int.c
		_INT0_SetInterruptHandler		CODE           	1544	0000	11
		_EXT_INT_Initialize		CODE           	1482	0000	25
		_INT0_DefaultInterruptHandler		CODE           	1610	0000	3
		_INT0_CallBack 		CODE           	1416	0000	31
		_INT0_ISR      		CODE           	156C	0000	11

mcc_generated_files/ext_int.c estimated size: 81

shared
		__initialization		CODE           	149A	0000	13
		_fsmStateTable 		SMALLCONST     	0F01	0000	33
		_spiMaster     		SMALLCONST     	0F21	0000	21
		_spi2_configuration		SMALLCONST     	0F35	0000	9

shared estimated size: 76

mcc_generated_files/mcc.c
		_PMD_Initialize		CODE           	1434	0000	29
		_OSCILLATOR_Initialize		CODE           	146A	0000	25
		_SYSTEM_Initialize		CODE           	1450	0000	27

mcc_generated_files/mcc.c estimated size: 81

mcc_generated_files/drivers/i2c_master.c
		_returnStop    		CODE           	15F0	0000	5
		_i2c_busCollisionISR		CODE           	15BC	0000	7
		_i2c_ISR       		CODE           	11CA	0000	81
		_do_I2C_TX_EMPTY		CODE           	116C	0000	95
		_returnReset   		CODE           	15EC	0000	5
		_do_I2C_SEND_RESTART_WRITE		CODE           	159E	0000	9
		_do_I2C_DO_NACK_RESTART		CODE           	1576	0000	9
		_do_I2C_SEND_RESTART_READ		CODE           	15A6	0000	9
		_do_I2C_SEND_ADR_WRITE		CODE           	14C0	0000	15
		_do_I2C_SEND_STOP		CODE           	158E	0000	9
		_do_I2C_SEND_ADR_READ		CODE           	14CE	0000	15
		_do_I2C_DO_NACK_STOP		CODE           	157E	0000	9
		_do_I2C_SEND_RESTART		CODE           	1596	0000	9
		_do_I2C_RX     		CODE           	10F2	0000	123
		_do_I2C_TX     		CODE           	106A	0000	137
		_do_I2C_IDLE   		CODE           	1558	0000	11
		_do_I2C_RCEN   		CODE           	154E	0000	11
		_do_I2C_DO_ADDRESS_NACK		CODE           	121A	0000	79
		_do_I2C_RESET  		CODE           	14DC	0000	15
		_do_I2C_DO_ACK 		CODE           	1586	0000	9

mcc_generated_files/drivers/i2c_master.c estimated size: 662

mcc_generated_files/i2c1_driver.c
		_i2c1_driver_isNACK		CODE           	14B0	0000	17
		_i2c1_driver_stop		CODE           	15F4	0000	5
		_i2c1_driver_getRXData		CODE           	15E4	0000	5
		_i2c1_driver_TXData		CODE           	15AE	0000	9
		_i2c1_driver_sendACK		CODE           	15DA	0000	7
		_mssp1_setIRQ  		CODE           	15CE	0000	7
		_i2c1_driver_sendNACK		CODE           	15D4	0000	7
		_i2c1_driver_restart		CODE           	15F8	0000	5
		_i2c1_driver_resetBus		CODE           	15FC	0000	3
		_i2c1_driver_clearBusCollision		CODE           	15C2	0000	7
		_mssp1_clearIRQ		CODE           	15C8	0000	7
		_i2c1_driver_startRX		CODE           	15E8	0000	5

mcc_generated_files/i2c1_driver.c estimated size: 84

main.c
		_main          		CODE           	15B6	0000	7

main.c estimated size: 7

